Component: ARM Compiler 5.06 update 3 (build 300) Tool: armlink [4d35c9]

==============================================================================

Section Cross References

    startup_stm32f407xx.o(RESET) refers to startup_stm32f407xx.o(STACK) for __initial_sp
    startup_stm32f407xx.o(RESET) refers to startup_stm32f407xx.o(.text) for Reset_Handler
    startup_stm32f407xx.o(RESET) refers to stm32f4xx_it.o(i.NMI_Handler) for NMI_Handler
    startup_stm32f407xx.o(RESET) refers to stm32f4xx_it.o(i.HardFault_Handler) for HardFault_Handler
    startup_stm32f407xx.o(RESET) refers to stm32f4xx_it.o(i.MemManage_Handler) for MemManage_Handler
    startup_stm32f407xx.o(RESET) refers to stm32f4xx_it.o(i.BusFault_Handler) for BusFault_Handler
    startup_stm32f407xx.o(RESET) refers to stm32f4xx_it.o(i.UsageFault_Handler) for UsageFault_Handler
    startup_stm32f407xx.o(RESET) refers to stm32f4xx_it.o(i.SVC_Handler) for SVC_Handler
    startup_stm32f407xx.o(RESET) refers to stm32f4xx_it.o(i.DebugMon_Handler) for DebugMon_Handler
    startup_stm32f407xx.o(RESET) refers to stm32f4xx_it.o(i.PendSV_Handler) for PendSV_Handler
    startup_stm32f407xx.o(RESET) refers to stm32f4xx_it.o(i.SysTick_Handler) for SysTick_Handler
    startup_stm32f407xx.o(RESET) refers to stm32f4xx_it.o(i.EXTI0_IRQHandler) for EXTI0_IRQHandler
    startup_stm32f407xx.o(RESET) refers to stm32f4xx_it.o(i.EXTI3_IRQHandler) for EXTI3_IRQHandler
    startup_stm32f407xx.o(RESET) refers to stm32f4xx_it.o(i.EXTI4_IRQHandler) for EXTI4_IRQHandler
    startup_stm32f407xx.o(RESET) refers to stm32f4xx_it.o(i.DMA1_Stream5_IRQHandler) for DMA1_Stream5_IRQHandler
    startup_stm32f407xx.o(RESET) refers to stm32f4xx_it.o(i.DMA1_Stream6_IRQHandler) for DMA1_Stream6_IRQHandler
    startup_stm32f407xx.o(RESET) refers to stm32f4xx_it.o(i.EXTI9_5_IRQHandler) for EXTI9_5_IRQHandler
    startup_stm32f407xx.o(RESET) refers to stm32f4xx_it.o(i.TIM1_BRK_TIM9_IRQHandler) for TIM1_BRK_TIM9_IRQHandler
    startup_stm32f407xx.o(RESET) refers to stm32f4xx_it.o(i.EXTI15_10_IRQHandler) for EXTI15_10_IRQHandler
    startup_stm32f407xx.o(RESET) refers to stm32f4xx_it.o(i.TIM8_BRK_TIM12_IRQHandler) for TIM8_BRK_TIM12_IRQHandler
    startup_stm32f407xx.o(RESET) refers to stm32f4xx_it.o(i.TIM6_DAC_IRQHandler) for TIM6_DAC_IRQHandler
    startup_stm32f407xx.o(RESET) refers to stm32f4xx_it.o(i.DMA2_Stream0_IRQHandler) for DMA2_Stream0_IRQHandler
    startup_stm32f407xx.o(RESET) refers to stm32f4xx_it.o(i.DMA2_Stream2_IRQHandler) for DMA2_Stream2_IRQHandler
    startup_stm32f407xx.o(.text) refers to system_stm32f4xx.o(i.SystemInit) for SystemInit
    startup_stm32f407xx.o(.text) refers to entry.o(.ARM.Collect$$$$00000000) for __main
    oled.o(i.OLED_Clear) refers to oled.o(i.OLED_WR_Byte) for OLED_WR_Byte
    oled.o(i.OLED_Display_Off) refers to oled.o(i.OLED_WR_Byte) for OLED_WR_Byte
    oled.o(i.OLED_Display_On) refers to oled.o(i.OLED_WR_Byte) for OLED_WR_Byte
    oled.o(i.OLED_Init) refers to oled.o(i.OLED_WR_Byte) for OLED_WR_Byte
    oled.o(i.OLED_Set_Pos) refers to oled.o(i.OLED_WR_Byte) for OLED_WR_Byte
    oled.o(i.OLED_ShowChar) refers to oled.o(i.OLED_Set_Pos) for OLED_Set_Pos
    oled.o(i.OLED_ShowChar) refers to oled.o(i.OLED_WR_Byte) for OLED_WR_Byte
    oled.o(i.OLED_ShowChar) refers to oled.o(.constdata) for .constdata
    oled.o(i.OLED_ShowFloat) refers to dfixui.o(.text) for __aeabi_d2uiz
    oled.o(i.OLED_ShowFloat) refers to oled.o(i.oled_pow) for oled_pow
    oled.o(i.OLED_ShowFloat) refers to dfltui.o(.text) for __aeabi_ui2d
    oled.o(i.OLED_ShowFloat) refers to dmul.o(.text) for __aeabi_dmul
    oled.o(i.OLED_ShowFloat) refers to oled.o(i.OLED_ShowChar) for OLED_ShowChar
    oled.o(i.OLED_ShowNum) refers to oled.o(i.oled_pow) for oled_pow
    oled.o(i.OLED_ShowNum) refers to oled.o(i.OLED_ShowChar) for OLED_ShowChar
    oled.o(i.OLED_ShowPoint) refers to oled.o(i.OLED_Set_Pos) for OLED_Set_Pos
    oled.o(i.OLED_ShowPoint) refers to oled.o(i.OLED_WR_Byte) for OLED_WR_Byte
    oled.o(i.OLED_ShowString) refers to oled.o(i.OLED_ShowChar) for OLED_ShowChar
    oled.o(i.OLED_ShowWave) refers to oled.o(i.OLED_Set_Pos) for OLED_Set_Pos
    oled.o(i.OLED_ShowWave) refers to oled.o(i.OLED_WR_Byte) for OLED_WR_Byte
    oled.o(i.OLED_ShowWave) refers to oled.o(.constdata) for .constdata
    oled.o(i.OLED_ShowWaveNone) refers to oled.o(i.OLED_Set_Pos) for OLED_Set_Pos
    oled.o(i.OLED_ShowWaveNone) refers to oled.o(i.OLED_WR_Byte) for OLED_WR_Byte
    oled.o(i.OLED_WR_Byte) refers to oled.o(i.Write_IIC_Data) for Write_IIC_Data
    oled.o(i.OLED_WR_Byte) refers to oled.o(i.Write_IIC_Command) for Write_IIC_Command
    oled.o(i.Write_IIC_Command) refers to stm32f4xx_hal_i2c.o(i.HAL_I2C_Mem_Write) for HAL_I2C_Mem_Write
    oled.o(i.Write_IIC_Command) refers to i2c.o(.bss) for hi2c1
    oled.o(i.Write_IIC_Data) refers to stm32f4xx_hal_i2c.o(i.HAL_I2C_Mem_Write) for HAL_I2C_Mem_Write
    oled.o(i.Write_IIC_Data) refers to i2c.o(.bss) for hi2c1
[...]
    .ARM.Collect$$$$00000001                 0x08000188   Section        4  entry2.o(.ARM.Collect$$$$00000001)
    .ARM.Collect$$$$00000004                 0x0800018c   Section        4  entry5.o(.ARM.Collect$$$$00000004)
    .ARM.Collect$$$$00000008                 0x08000190   Section        0  entry7b.o(.ARM.Collect$$$$00000008)
    .ARM.Collect$$$$0000000A                 0x08000190   Section        0  entry8b.o(.ARM.Collect$$$$0000000A)
    .ARM.Collect$$$$0000000B                 0x08000190   Section        8  entry9a.o(.ARM.Collect$$$$0000000B)
    .ARM.Collect$$$$0000000D                 0x08000198   Section        0  entry10a.o(.ARM.Collect$$$$0000000D)
    .ARM.Collect$$$$0000000F                 0x08000198   Section        0  entry11a.o(.ARM.Collect$$$$0000000F)
    .ARM.Collect$$$$00002712                 0x08000198   Section        4  entry2.o(.ARM.Collect$$$$00002712)
    __lit__00000000                          0x08000198   Data           4  entry2.o(.ARM.Collect$$$$00002712)
    .text                                    0x0800019c   Section       36  startup_stm32f407xx.o(.text)
    $v0                                      0x0800019c   Number         0  startup_stm32f407xx.o(.text)
    .text                                    0x080001c0   Section        0  uldiv.o(.text)
    .text                                    0x08000222   Section        0  memseta.o(.text)
    .text                                    0x08000246   Section        0  dadd.o(.text)
    .text                                    0x08000394   Section        0  dmul.o(.text)
    .text                                    0x08000478   Section        0  ddiv.o(.text)
    .text                                    0x08000556   Section        0  dflti.o(.text)
    .text                                    0x08000578   Section        0  dfltui.o(.text)
    .text                                    0x08000592   Section        0  dfixi.o(.text)
    .text                                    0x080005d0   Section        0  dfixui.o(.text)
    .text                                    0x08000602   Section        0  f2d.o(.text)
    .text                                    0x08000628   Section       48  cdcmple.o(.text)
    .text                                    0x08000658   Section       48  cdrcmple.o(.text)
    .text                                    0x08000688   Section        0  d2f.o(.text)
    .text                                    0x080006c0   Section        0  llshl.o(.text)
    .text                                    0x080006de   Section        0  llushr.o(.text)
    .text                                    0x080006fe   Section        0  llsshr.o(.text)
    .text                                    0x08000722   Section        0  fepilogue.o(.text)
    .text                                    0x08000722   Section        0  iusefp.o(.text)
    .text                                    0x08000790   Section        0  depilogue.o(.text)
    .text                                    0x0800084c   Section       36  init.o(.text)
    .text                                    0x08000870   Section        0  __dczerorl2.o(.text)
    i.ADC1_Average                           0x080008c8   Section        0  control.o(i.ADC1_Average)
    i.ADC_DMAConvCplt                        0x0800092c   Section        0  stm32f4xx_hal_adc.o(i.ADC_DMAConvCplt)
    ADC_DMAConvCplt                          0x0800092d   Thumb Code   110  stm32f4xx_hal_adc.o(i.ADC_DMAConvCplt)
    i.ADC_DMAError                           0x0800099a   Section        0  stm32f4xx_hal_adc.o(i.ADC_DMAError)
    ADC_DMAError                             0x0800099b   Thumb Code    22  stm32f4xx_hal_adc.o(i.ADC_DMAError)
    i.ADC_DMAHalfConvCplt                    0x080009b0   Section        0  stm32f4xx_hal_adc.o(i.ADC_DMAHalfConvCplt)
    ADC_DMAHalfConvCplt                      0x080009b1   Thumb Code    10  stm32f4xx_hal_adc.o(i.ADC_DMAHalfConvCplt)
    i.ADC_Init                               0x080009bc   Section        0  control.o(i.ADC_Init)
    i.ADC_Init                               0x08000a08   Section        0  stm32f4xx_hal_adc.o(i.ADC_Init)
    ADC_Init                                 0x08000a09   Thumb Code   284  stm32f4xx_hal_adc.o(i.ADC_Init)
    i.ADC_VRMS                               0x08000b30   Section        0  main.o(i.ADC_VRMS)
    i.BusFault_Handler                       0x08000bcc   Section        0  stm32f4xx_it.o(i.BusFault_Handler)
    i.DAC_DMAConvCpltCh1                     0x08000bce   Section        0  stm32f4xx_hal_dac.o(i.DAC_DMAConvCpltCh1)
    DAC_DMAConvCpltCh1                       0x08000bcf   Thumb Code    16  stm32f4xx_hal_dac.o(i.DAC_DMAConvCpltCh1)
    i.DAC_DMAConvCpltCh2                     0x08000bde   Section        0  stm32f4xx_hal_dac_ex.o(i.DAC_DMAConvCpltCh2)
    i.DAC_DMAErrorCh1                        0x08000bee   Section        0  stm32f4xx_hal_dac.o(i.DAC_DMAErrorCh1)
    DAC_DMAErrorCh1                          0x08000bef   Thumb Code    24  stm32f4xx_hal_dac.o(i.DAC_DMAErrorCh1)
    i.DAC_DMAErrorCh2                        0x08000c06   Section        0  stm32f4xx_hal_dac_ex.o(i.DAC_DMAErrorCh2)
    i.DAC_DMAHalfConvCpltCh1                 0x08000c1e   Section        0  stm32f4xx_hal_dac.o(i.DAC_DMAHalfConvCpltCh1)
    DAC_DMAHalfConvCpltCh1                   0x08000c1f   Thumb Code    10  stm32f4xx_hal_dac.o(i.DAC_DMAHalfConvCpltCh1)
    i.DAC_DMAHalfConvCpltCh2                 0x08000c28   Section        0  stm32f4xx_hal_dac_ex.o(i.DAC_DMAHalfConvCpltCh2)
    i.DAC_GAIN_Set                           0x08000c34   Section        0  main.o(i.DAC_GAIN_Set)
    i.DAC_SetFreqHz                          0x08000c80   Section        0  main.o(i.DAC_SetFreqHz)
    i.DMA1_Stream5_IRQHandler                0x08000ca8   Section        0  stm32f4xx_it.o(i.DMA1_Stream5_IRQHandler)
    i.DMA1_Stream6_IRQHandler                0x08000cb4   Section        0  stm32f4xx_it.o(i.DMA1_Stream6_IRQHandler)
    i.DMA2_Stream0_IRQHandler                0x08000cc0   Section        0  stm32f4xx_it.o(i.DMA2_Stream0_IRQHandler)
    i.DMA2_Stream2_IRQHandler                0x08000ccc   Section        0  stm32f4xx_it.o(i.DMA2_Stream2_IRQHandler)
    i.DMA_CalcBaseAndBitshift                0x08000cd8   Section        0  stm32f4xx_hal_dma.o(i.DMA_CalcBaseAndBitshift)
    DMA_CalcBaseAndBitshift                  0x08000cd9   Thumb Code    34  stm32f4xx_hal_dma.o(i.DMA_CalcBaseAndBitshift)
    i.DMA_CheckFifoParam                     0x08000d00   Section        0  stm32f4xx_hal_dma.o(i.DMA_CheckFifoParam)
    DMA_CheckFifoParam                       0x08000d01   Thumb Code    84  stm32f4xx_hal_dma.o(i.DMA_CheckFifoParam)
    i.DMA_SetConfig                          0x08000d54   Section        0  stm32f4xx_hal_dma.o(i.DMA_SetConfig)
    DMA_SetConfig                            0x08000d55   Thumb Code    40  stm32f4xx_hal_dma.o(i.DMA_SetConfig)
    i.DebugMon_Handler                       0x08000d7c   Section        0  stm32f4xx_it.o(i.DebugMon_Handler)
    i.EXTI0_IRQHandler                       0x08000d7e   Section        0  stm32f4xx_it.o(i.EXTI0_IRQHandler)
    i.EXTI15_10_IRQHandler                   0x08000d84   Section        0  stm32f4xx_it.o(i.EXTI15_10_IRQHandler)
    i.EXTI3_IRQHandler                       0x08000d9a   Section        0  stm32f4xx_it.o(i.EXTI3_IRQHandler)
    i.EXTI4_IRQHandler                       0x08000da0   Section        0  stm32f4xx_it.o(i.EXTI4_IRQHandler)
    i.EXTI9_5_IRQHandler                     0x08000da6   Section        0  stm32f4xx_it.o(i.EXTI9_5_IRQHandler)
    i.Error_Handler                          0x08000dbc   Section        0  main.o(i.Error_Handler)
    i.HAL_ADC_ConfigChannel                  0x08000dc0   Section        0  stm32f4xx_hal_adc.o(i.HAL_ADC_ConfigChannel)
    i.HAL_ADC_ConvCpltCallback               0x08000f0c   Section        0  stm32f4xx_hal_adc.o(i.HAL_ADC_ConvCpltCallback)
    i.HAL_ADC_ConvHalfCpltCallback           0x08000f0e   Section        0  stm32f4xx_hal_adc.o(i.HAL_ADC_ConvHalfCpltCallback)
    i.HAL_ADC_ErrorCallback                  0x08000f10   Section        0  stm32f4xx_hal_adc.o(i.HAL_ADC_ErrorCallback)
    i.HAL_ADC_Init                           0x08000f12   Section        0  stm32f4xx_hal_adc.o(i.HAL_ADC_Init)
    i.HAL_ADC_MspInit                        0x08000f68   Section        0  adc.o(i.HAL_ADC_MspInit)
    i.HAL_ADC_Start_DMA                      0x080010b8   Section        0  stm32f4xx_hal_adc.o(i.HAL_ADC_Start_DMA)
    i.HAL_DACEx_ConvCpltCallbackCh2          0x080011e8   Section        0  stm32f4xx_hal_dac_ex.o(i.HAL_DACEx_ConvCpltCallbackCh2)
    i.HAL_DACEx_ConvHalfCpltCallbackCh2      0x080011ea   Section        0  stm32f4xx_hal_dac_ex.o(i.HAL_DACEx_ConvHalfCpltCallbackCh2)
    i.HAL_DACEx_DMAUnderrunCallbackCh2       0x080011ec   Section        0  stm32f4xx_hal_dac_ex.o(i.HAL_DACEx_DMAUnderrunCallbackCh2)
    i.HAL_DACEx_ErrorCallbackCh2             0x080011ee   Section        0  stm32f4xx_hal_dac_ex.o(i.HAL_DACEx_ErrorCallbackCh2)
    i.HAL_DAC_ConfigChannel                  0x080011f0   Section        0  stm32f4xx_hal_dac.o(i.HAL_DAC_ConfigChannel)
    i.HAL_DAC_ConvCpltCallbackCh1            0x08001232   Section        0  stm32f4xx_hal_dac.o(i.HAL_DAC_ConvCpltCallbackCh1)
    i.HAL_DAC_ConvHalfCpltCallbackCh1        0x08001234   Section        0  stm32f4xx_hal_dac.o(i.HAL_DAC_ConvHalfCpltCallbackCh1)
    i.HAL_DAC_DMAUnderrunCallbackCh1         0x08001236   Section        0  stm32f4xx_hal_dac.o(i.HAL_DAC_DMAUnderrunCallbackCh1)
    i.HAL_DAC_ErrorCallbackCh1               0x08001238   Section        0  stm32f4xx_hal_dac.o(i.HAL_DAC_ErrorCallbackCh1)
    i.HAL_DAC_IRQHandler                     0x0800123a   Section        0  stm32f4xx_hal_dac.o(i.HAL_DAC_IRQHandler)
    i.HAL_DAC_Init                           0x08001296   Section        0  stm32f4xx_hal_dac.o(i.HAL_DAC_Init)
    i.HAL_DAC_MspInit                        0x080012c0   Section        0  dac.o(i.HAL_DAC_MspInit)
    i.HAL_DAC_Start_DMA                      0x080013b0   Section        0  stm32f4xx_hal_dac.o(i.HAL_DAC_Start_DMA)
    i.HAL_DMA_IRQHandler                     0x080014b0   Section        0  stm32f4xx_hal_dma.o(i.HAL_DMA_IRQHandler)
    i.HAL_DMA_Init                           0x08001650   Section        0  stm32f4xx_hal_dma.o(i.HAL_DMA_Init)
    i.HAL_DMA_Start_IT                       0x08001724   Section        0  stm32f4xx_hal_dma.o(i.HAL_DMA_Start_IT)
    i.HAL_Delay                              0x0800179c   Section        0  stm32f4xx_hal.o(i.HAL_Delay)
    i.HAL_GPIO_EXTI_Callback                 0x080017c0   Section        0  main.o(i.HAL_GPIO_EXTI_Callback)
    i.HAL_GPIO_EXTI_IRQHandler               0x08001834   Section        0  stm32f4xx_hal_gpio.o(i.HAL_GPIO_EXTI_IRQHandler)
    i.HAL_GPIO_Init                          0x0800184c   Section        0  stm32f4xx_hal_gpio.o(i.HAL_GPIO_Init)
    i.HAL_GPIO_ReadPin                       0x080019fc   Section        0  stm32f4xx_hal_gpio.o(i.HAL_GPIO_ReadPin)
    i.HAL_GPIO_TogglePin                     0x08001a06   Section        0  stm32f4xx_hal_gpio.o(i.HAL_GPIO_TogglePin)
    i.HAL_GPIO_WritePin                      0x08001a14   Section        0  stm32f4xx_hal_gpio.o(i.HAL_GPIO_WritePin)
    i.HAL_GetTick                            0x08001a20   Section        0  stm32f4xx_hal.o(i.HAL_GetTick)
    i.HAL_I2C_Init                           0x08001a2c   Section        0  stm32f4xx_hal_i2c.o(i.HAL_I2C_Init)
    i.HAL_I2C_Mem_Write                      0x08001ba0   Section        0  stm32f4xx_hal_i2c.o(i.HAL_I2C_Mem_Write)
    i.HAL_I2C_MspInit                        0x08001cd0   Section        0  i2c.o(i.HAL_I2C_MspInit)
    i.HAL_IncTick                            0x08001d38   Section        0  stm32f4xx_hal.o(i.HAL_IncTick)
    i.HAL_Init                               0x08001d48   Section        0  stm32f4xx_hal.o(i.HAL_Init)
    i.HAL_InitTick                           0x08001d7c   Section        0  stm32f4xx_hal.o(i.HAL_InitTick)
    i.HAL_MspInit                            0x08001dbc   Section        0  stm32f4xx_hal_msp.o(i.HAL_MspInit)
    i.HAL_NVIC_EnableIRQ                     0x08001dec   Section        0  stm32f4xx_hal_cortex.o(i.HAL_NVIC_EnableIRQ)
    i.HAL_NVIC_SetPriority                   0x08001e08   Section        0  stm32f4xx_hal_cortex.o(i.HAL_NVIC_SetPriority)
    i.HAL_NVIC_SetPriorityGrouping           0x08001e48   Section        0  stm32f4xx_hal_cortex.o(i.HAL_NVIC_SetPriorityGrouping)
    i.HAL_RCC_ClockConfig                    0x08001e6c   Section        0  stm32f4xx_hal_rcc.o(i.HAL_RCC_ClockConfig)
    i.HAL_RCC_GetPCLK1Freq                   0x08001f9c   Section        0  stm32f4xx_hal_rcc.o(i.HAL_RCC_GetPCLK1Freq)
    i.HAL_RCC_GetPCLK2Freq                   0x08001fbc   Section        0  stm32f4xx_hal_rcc.o(i.HAL_RCC_GetPCLK2Freq)
    i.HAL_RCC_GetSysClockFreq                0x08001fdc   Section        0  stm32f4xx_hal_rcc.o(i.HAL_RCC_GetSysClockFreq)
    i.HAL_RCC_OscConfig                      0x0800203c   Section        0  stm32f4xx_hal_rcc.o(i.HAL_RCC_OscConfig)
    i.HAL_SPI_Init                           0x08002358   Section        0  stm32f4xx_hal_spi.o(i.HAL_SPI_Init)
    i.HAL_SPI_MspInit                        0x080023d8   Section        0  spi.o(i.HAL_SPI_MspInit)
    i.HAL_SYSTICK_Config                     0x08002440   Section        0  stm32f4xx_hal_cortex.o(i.HAL_SYSTICK_Config)
    i.HAL_TIMEx_BreakCallback                0x08002468   Section        0  stm32f4xx_hal_tim_ex.o(i.HAL_TIMEx_BreakCallback)
    i.HAL_TIMEx_CommutCallback               0x0800246a   Section        0  stm32f4xx_hal_tim_ex.o(i.HAL_TIMEx_CommutCallback)
    i.HAL_TIMEx_ConfigBreakDeadTime          0x0800246c   Section        0  stm32f4xx_hal_tim_ex.o(i.HAL_TIMEx_ConfigBreakDeadTime)
    i.HAL_TIMEx_MasterConfigSynchronization  0x080024c0   Section        0  stm32f4xx_hal_tim_ex.o(i.HAL_TIMEx_MasterConfigSynchronization)
    i.HAL_TIM_Base_Init                      0x08002502   Section        0  stm32f4xx_hal_tim.o(i.HAL_TIM_Base_Init)
    i.HAL_TIM_Base_MspInit                   0x08002538   Section        0  tim.o(i.HAL_TIM_Base_MspInit)
    i.HAL_TIM_Base_Start                     0x080025c8   Section        0  stm32f4xx_hal_tim.o(i.HAL_TIM_Base_Start)
    i.HAL_TIM_Base_Start_IT                  0x080025ec   Section        0  stm32f4xx_hal_tim.o(i.HAL_TIM_Base_Start_IT)
    i.HAL_TIM_ConfigClockSource              0x0800260e   Section        0  stm32f4xx_hal_tim.o(i.HAL_TIM_ConfigClockSource)
    i.HAL_TIM_IC_CaptureCallback             0x080026e4   Section        0  stm32f4xx_hal_tim.o(i.HAL_TIM_IC_CaptureCallback)
    i.HAL_TIM_IRQHandler                     0x080026e6   Section        0  stm32f4xx_hal_tim.o(i.HAL_TIM_IRQHandler)
    i.HAL_TIM_MspPostInit                    0x0800284c   Section        0  tim.o(i.HAL_TIM_MspPostInit)
    i.HAL_TIM_OC_DelayElapsedCallback        0x080028d0   Section        0  stm32f4xx_hal_tim.o(i.HAL_TIM_OC_DelayElapsedCallback)
    i.HAL_TIM_PWM_ConfigChannel              0x080028d2   Section        0  stm32f4xx_hal_tim.o(i.HAL_TIM_PWM_ConfigChannel)
    i.HAL_TIM_PWM_Init                       0x080029a2   Section        0  stm32f4xx_hal_tim.o(i.HAL_TIM_PWM_Init)
    i.HAL_TIM_PWM_MspInit                    0x080029d8   Section        0  tim.o(i.HAL_TIM_PWM_MspInit)
    i.HAL_TIM_PWM_PulseFinishedCallback      0x08002a2c   Section        0  stm32f4xx_hal_tim.o(i.HAL_TIM_PWM_PulseFinishedCallback)
    i.HAL_TIM_PWM_Start                      0x08002a30   Section        0  stm32f4xx_hal_tim.o(i.HAL_TIM_PWM_Start)
    i.HAL_TIM_PeriodElapsedCallback          0x08002a74   Section        0  main.o(i.HAL_TIM_PeriodElapsedCallback)
    i.HAL_TIM_TriggerCallback                0x08003dcc   Section        0  stm32f4xx_hal_tim.o(i.HAL_TIM_TriggerCallback)
    i.HAL_UART_Init                          0x08003dce   Section        0  stm32f4xx_hal_uart.o(i.HAL_UART_Init)
    i.HAL_UART_MspInit                       0x08003e30   Section        0  usart.o(i.HAL_UART_MspInit)
    i.HardFault_Handler                      0x08003e9c   Section        0  stm32f4xx_it.o(i.HardFault_Handler)
    i.I2C_IsAcknowledgeFailed                0x08003e9e   Section        0  stm32f4xx_hal_i2c.o(i.I2C_IsAcknowledgeFailed)
    I2C_IsAcknowledgeFailed                  0x08003e9f   Thumb Code    46  stm32f4xx_hal_i2c.o(i.I2C_IsAcknowledgeFailed)
    i.I2C_RequestMemoryWrite                 0x08003ecc   Section        0  stm32f4xx_hal_i2c.o(i.I2C_RequestMemoryWrite)
    I2C_RequestMemoryWrite                   0x08003ecd   Thumb Code   144  stm32f4xx_hal_i2c.o(i.I2C_RequestMemoryWrite)
    i.I2C_WaitOnBTFFlagUntilTimeout          0x08003f60   Section        0  stm32f4xx_hal_i2c.o(i.I2C_WaitOnBTFFlagUntilTimeout)
    I2C_WaitOnBTFFlagUntilTimeout            0x08003f61   Thumb Code    76  stm32f4xx_hal_i2c.o(i.I2C_WaitOnBTFFlagUntilTimeout)
    i.I2C_WaitOnFlagUntilTimeout             0x08003fac   Section        0  stm32f4xx_hal_i2c.o(i.I2C_WaitOnFlagUntilTimeout)
    I2C_WaitOnFlagUntilTimeout               0x08003fad   Thumb Code   104  stm32f4xx_hal_i2c.o(i.I2C_WaitOnFlagUntilTimeout)
    i.I2C_WaitOnMasterAddressFlagUntilTimeout 0x08004014   Section        0  stm32f4xx_hal_i2c.o(i.I2C_WaitOnMasterAddressFlagUntilTimeout)
    I2C_WaitOnMasterAddressFlagUntilTimeout  0x08004015   Thumb Code   150  stm32f4xx_hal_i2c.o(i.I2C_WaitOnMasterAddressFlagUntilTimeout)
    i.I2C_WaitOnTXEFlagUntilTimeout          0x080040aa   Section        0  stm32f4xx_hal_i2c.o(i.I2C_WaitOnTXEFlagUntilTimeout)
    I2C_WaitOnTXEFlagUntilTimeout            0x080040ab   Thumb Code    76  stm32f4xx_hal_i2c.o(i.I2C_WaitOnTXEFlagUntilTimeout)
    i.MX_ADC1_Init                           0x080040f8   Section        0  adc.o(i.MX_ADC1_Init)
    i.MX_ADC2_Init                           0x08004198   Section        0  adc.o(i.MX_ADC2_Init)
    i.MX_DAC_Init                            0x08004214   Section        0  dac.o(i.MX_DAC_Init)
    i.MX_DMA_Init                            0x08004264   Section        0  dma.o(i.MX_DMA_Init)
    i.MX_GPIO_Init                           0x080042d0   Section        0  gpio.o(i.MX_GPIO_Init)
    i.MX_I2C1_Init                           0x080044f8   Section        0  i2c.o(i.MX_I2C1_Init)
    i.MX_SPI1_Init                           0x08004538   Section        0  spi.o(i.MX_SPI1_Init)
    i.MX_TIM12_Init                          0x0800457c   Section        0  tim.o(i.MX_TIM12_Init)
    i.MX_TIM1_Init                           0x080045cc   Section        0  tim.o(i.MX_TIM1_Init)
    i.MX_TIM2_Init                           0x08004670   Section        0  tim.o(i.MX_TIM2_Init)
    i.MX_TIM6_Init                           0x080046dc   Section        0  tim.o(i.MX_TIM6_Init)
    i.MX_TIM9_Init                           0x08004724   Section        0  tim.o(i.MX_TIM9_Init)
    i.MX_USART1_UART_Init                    0x08004774   Section        0  usart.o(i.MX_USART1_UART_Init)
    i.MemManage_Handler                      0x080047ac   Section        0  stm32f4xx_it.o(i.MemManage_Handler)
    i.NMI_Handler                            0x080047ae   Section        0  stm32f4xx_it.o(i.NMI_Handler)
    i.OLED_Clear                             0x080047b0   Section        0  oled.o(i.OLED_Clear)
    i.OLED_Init                              0x080047ea   Section        0  oled.o(i.OLED_Init)
    i.OLED_Set_Pos                           0x080048c8   Section        0  oled.o(i.OLED_Set_Pos)
    i.OLED_ShowChar                          0x080048f4   Section        0  oled.o(i.OLED_ShowChar)
    i.OLED_ShowFloat                         0x0800498c   Section        0  oled.o(i.OLED_ShowFloat)
    i.OLED_ShowNum                           0x08004ad0   Section        0  oled.o(i.OLED_ShowNum)
    i.OLED_ShowString                        0x08004b4e   Section        0  oled.o(i.OLED_ShowString)
    i.OLED_ShowWave                          0x08004b8c   Section        0  oled.o(i.OLED_ShowWave)
    i.OLED_WR_Byte                           0x08004bf4   Section        0  oled.o(i.OLED_WR_Byte)
    i.PWM_SetFreqkHz                         0x08004c00   Section        0  main.o(i.PWM_SetFreqkHz)
    i.PendSV_Handler                         0x08004c38   Section        0  stm32f4xx_it.o(i.PendSV_Handler)
    i.SVC_Handler                            0x08004c3a   Section        0  stm32f4xx_it.o(i.SVC_Handler)
    i.SysTick_Handler                        0x08004c3c   Section        0  stm32f4xx_it.o(i.SysTick_Handler)
    i.SystemClock_Config                     0x08004c40   Section        0  main.o(i.SystemClock_Config)
    i.SystemInit                             0x08004cc4   Section        0  system_stm32f4xx.o(i.SystemInit)
    i.TIM1_BRK_TIM9_IRQHandler               0x08004d18   Section        0  stm32f4xx_it.o(i.TIM1_BRK_TIM9_IRQHandler)
    i.TIM6_DAC_IRQHandler                    0x08004d34   Section        0  stm32f4xx_it.o(i.TIM6_DAC_IRQHandler)
    i.TIM8_BRK_TIM12_IRQHandler              0x08004d50   Section        0  stm32f4xx_it.o(i.TIM8_BRK_TIM12_IRQHandler)
    i.TIM_Base_SetConfig                     0x08004d5c   Section        0  stm32f4xx_hal_tim.o(i.TIM_Base_SetConfig)
    i.TIM_CCxChannelCmd                      0x08004e24   Section        0  stm32f4xx_hal_tim.o(i.TIM_CCxChannelCmd)
    i.TIM_ETR_SetConfig                      0x08004e3e   Section        0  stm32f4xx_hal_tim.o(i.TIM_ETR_SetConfig)
    i.TIM_ITRx_SetConfig                     0x08004e52   Section        0  stm32f4xx_hal_tim.o(i.TIM_ITRx_SetConfig)
    TIM_ITRx_SetConfig                       0x08004e53   Thumb Code    16  stm32f4xx_hal_tim.o(i.TIM_ITRx_SetConfig)
    i.TIM_OC1_SetConfig                      0x08004e64   Section        0  stm32f4xx_hal_tim.o(i.TIM_OC1_SetConfig)
    TIM_OC1_SetConfig                        0x08004e65   Thumb Code    88  stm32f4xx_hal_tim.o(i.TIM_OC1_SetConfig)
    i.TIM_OC2_SetConfig                      0x08004ec4   Section        0  stm32f4xx_hal_tim.o(i.TIM_OC2_SetConfig)
    i.TIM_OC3_SetConfig                      0x08004f30   Section        0  stm32f4xx_hal_tim.o(i.TIM_OC3_SetConfig)
    TIM_OC3_SetConfig                        0x08004f31   Thumb Code    96  stm32f4xx_hal_tim.o(i.TIM_OC3_SetConfig)
    i.TIM_OC4_SetConfig                      0x08004f98   Section        0  stm32f4xx_hal_tim.o(i.TIM_OC4_SetConfig)
    TIM_OC4_SetConfig                        0x08004f99   Thumb Code    70  stm32f4xx_hal_tim.o(i.TIM_OC4_SetConfig)
    i.TIM_TI1_ConfigInputStage               0x08004fe8   Section        0  stm32f4xx_hal_tim.o(i.TIM_TI1_ConfigInputStage)
    TIM_TI1_ConfigInputStage                 0x08004fe9   Thumb Code    34  stm32f4xx_hal_tim.o(i.TIM_TI1_ConfigInputStage)
    i.TIM_TI2_ConfigInputStage               0x0800500a   Section        0  stm32f4xx_hal_tim.o(i.TIM_TI2_ConfigInputStage)
    TIM_TI2_ConfigInputStage                 0x0800500b   Thumb Code    36  stm32f4xx_hal_tim.o(i.TIM_TI2_ConfigInputStage)
    i.UART_SetConfig                         0x08005030   Section        0  stm32f4xx_hal_uart.o(i.UART_SetConfig)
    UART_SetConfig                           0x08005031   Thumb Code   676  stm32f4xx_hal_uart.o(i.UART_SetConfig)
    i.UsageFault_Handler                     0x080052dc   Section        0  stm32f4xx_it.o(i.UsageFault_Handler)
    i.Write_IIC_Command                      0x080052e0   Section        0  oled.o(i.Write_IIC_Command)
    i.Write_IIC_Data                         0x08005304   Section        0  oled.o(i.Write_IIC_Data)
    i.__NVIC_SetPriority                     0x08005328   Section        0  stm32f4xx_hal_cortex.o(i.__NVIC_SetPriority)
    __NVIC_SetPriority                       0x08005329   Thumb Code    32  stm32f4xx_hal_cortex.o(i.__NVIC_SetPriority)
    i.__hardfp_log10f                        0x08005348   Section        0  log10f.o(i.__hardfp_log10f)
    i.__mathlib_flt_divzero                  0x080054c8   Section        0  funder.o(i.__mathlib_flt_divzero)
    i.__mathlib_flt_infnan                   0x080054dc   Section        0  funder.o(i.__mathlib_flt_infnan)
    i.__mathlib_flt_invalid                  0x080054e4   Section        0  funder.o(i.__mathlib_flt_invalid)
    i.__scatterload_copy                     0x080054f4   Section       14  handlers.o(i.__scatterload_copy)
    i.__scatterload_null                     0x08005502   Section        2  handlers.o(i.__scatterload_null)
    i.__scatterload_zeroinit                 0x08005504   Section       14  handlers.o(i.__scatterload_zeroinit)
    i.__set_errno                            0x08005514   Section        0  errno.o(i.__set_errno)
    i.main                                   0x08005520   Section        0  main.o(i.main)
    i.oled_pow                               0x08005e4c   Section        0  oled.o(i.oled_pow)
    .constdata                               0x08005e5c   Section     2313  oled.o(.constdata)
    .constdata                               0x08006766   Section      400  main.o(.constdata)
    .constdata                               0x080068f6   Section        8  stm32f4xx_hal_dma.o(.constdata)
    flagBitshiftOffset                       0x080068f6   Data           8  stm32f4xx_hal_dma.o(.constdata)
    .constdata                               0x080068fe   Section       16  system_stm32f4xx.o(.constdata)
    .constdata                               0x0800690e   Section        8  system_stm32f4xx.o(.constdata)
    .constdata                               0x08006918   Section       64  log10f.o(.constdata)
    logahi                                   0x08006918   Data          32  log10f.o(.constdata)
    logalo                                   0x08006938   Data          32  log10f.o(.constdata)
    .data                                    0x20000000   Section       36  control.o(.data)
    adc_i                                    0x20000000   Data           2  control.o(.data)
    adc1_i                                   0x20000002   Data           2  control.o(.data)
    adc1_j                                   0x20000004   Data           2  control.o(.data)
    adc1_k                                   0x20000006   Data           2  control.o(.data)
    adc2_i                                   0x20000008   Data           2  control.o(.data)
    adc2_j                                   0x2000000a   Data           2  control.o(.data)
    adc2_k                                   0x2000000c   Data           2  control.o(.data)
    .data                                    0x20000028   Section      344  main.o(.data)
    adc_C                                    0x2000004c   Data           2  main.o(.data)
    ad1_vrm_p1                               0x200000b8   Data           8  main.o(.data)
    ad1_vrm_n1                               0x200000c0   Data           8  main.o(.data)
    .data                                    0x20000180   Section       12  stm32f4xx_hal.o(.data)
    .data                                    0x2000018c   Section        4  system_stm32f4xx.o(.data)
    .data                                    0x20000190   Section        4  errno.o(.data)
    _errno                                   0x20000190   Data           4  errno.o(.data)
    .bss                                     0x20000194   Section      344  control.o(.bss)
    .bss                                     0x200002ec   Section       64  control.o(.bss)
    .bss                                     0x2000032c   Section       20  control.o(.bss)
    .bss                                     0x20000340   Section      560  main.o(.bss)
    .bss                                     0x20000570   Section      336  adc.o(.bss)
    .bss                                     0x200006c0   Section      212  dac.o(.bss)
    .bss                                     0x20000794   Section       84  i2c.o(.bss)
    .bss                                     0x200007e8   Section       88  spi.o(.bss)
    .bss                                     0x20000840   Section      320  tim.o(.bss)
    .bss                                     0x20000980   Section       64  usart.o(.bss)
    STACK                                    0x200009c0   Section     3840  startup_stm32f407xx.o(STACK)

    Global Symbols

    Symbol Name                              Value     Ov Type        Size  Object(Section)

    BuildAttributes$$THM_ISAv4$E$P$D$K$B$S$7EM$VFPi3$EXTD16$VFPS$VFMA$PE$A:L22UL41UL21$X:L11$S22US41US21$IEEE1$IW$USESV6$~STKCKD$USESV7$~SHL$OTIME$ROPI$IEEEX$EBA8$MICROLIB$REQ8$PRES8$EABIv2 0x00000000   Number         0  anon$$obj.o ABSOLUTE
    __ARM_use_no_argv                        0x00000000   Number         0  main.o ABSOLUTE
    __cpp_initialize__aeabi_                  - Undefined Weak Reference
    __cxa_finalize                            - Undefined Weak Reference
    _clock_init                               - Undefined Weak Reference
    _microlib_exit                            - Undefined Weak Reference
    __Vectors_Size                           0x00000188   Number         0  startup_stm32f407xx.o ABSOLUTE
    __Vectors                                0x08000000   Data           4  startup_stm32f407xx.o(RESET)
    __Vectors_End                            0x08000188   Data           0  startup_stm32f407xx.o(RESET)
    __main                                   0x08000189   Thumb Code     0  entry.o(.ARM.Collect$$$$00000000)
    _main_stk                                0x08000189   Thumb Code     0  entry2.o(.ARM.Collect$$$$00000001)
    _main_scatterload                        0x0800018d   Thumb Code     0  entry5.o(.ARM.Collect$$$$00000004)
    __main_after_scatterload                 0x08000191   Thumb Code     0  entry5.o(.ARM.Collect$$$$00000004)
    _main_clock                              0x08000191   Thumb Code     0  entry7b.o(.ARM.Collect$$$$00000008)
    _main_cpp_init                           0x08000191   Thumb Code     0  entry8b.o(.ARM.Collect$$$$0000000A)
    _main_init                               0x08000191   Thumb Code     0  entry9a.o(.ARM.Collect$$$$0000000B)
    __rt_final_cpp                           0x08000199   Thumb Code     0  entry10a.o(.ARM.Collect$$$$0000000D)
    __rt_final_exit                          0x08000199   Thumb Code     0  entry11a.o(.ARM.Collect$$$$0000000F)
    Reset_Handler                            0x0800019d   Thumb Code     8  startup_stm32f407xx.o(.text)
    ADC_IRQHandler                           0x080001b7   Thumb Code     0  startup_stm32f407xx.o(.text)
    CAN1_RX0_IRQHandler                      0x080001b7   Thumb Code     0  startup_stm32f407xx.o(.text)
    CAN1_RX1_IRQHandler                      0x080001b7   Thumb Code     0  startup_stm32f407xx.o(.text)
    CAN1_SCE_IRQHandler                      0x080001b7   Thumb Code     0  startup_stm32f407xx.o(.text)
    CAN1_TX_IRQHandler                       0x080001b7   Thumb Code     0  startup_stm32f407xx.o(.text)
    CAN2_RX0_IRQHandler                      0x080001b7   Thumb Code     0  startup_stm32f407xx.o(.text)
    CAN2_RX1_IRQHandler                      0x080001b7   Thumb Code     0  startup_stm32f407xx.o(.text)
    CAN2_SCE_IRQHandler                      0x080001b7   Thumb Code     0  startup_stm32f407xx.o(.text)
    CAN2_TX_IRQHandler                       0x080001b7   Thumb Code     0  startup_stm32f407xx.o(.text)
    DCMI_IRQHandler                          0x080001b7   Thumb Code     0  startup_stm32f407xx.o(.text)
    DMA1_Stream0_IRQHandler                  0x080001b7   Thumb Code     0  startup_stm32f407xx.o(.text)
    DMA1_Stream1_IRQHandler                  0x080001b7   Thumb Code     0  startup_stm32f407xx.o(.text)
    DMA1_Stream2_IRQHandler                  0x080001b7   Thumb Code     0  startup_stm32f407xx.o(.text)
    DMA1_Stream3_IRQHandler                  0x080001b7   Thumb Code     0  startup_stm32f407xx.o(.text)
    DMA1_Stream4_IRQHandler                  0x080001b7   Thumb Code     0  startup_stm32f407xx.o(.text)
    DMA1_Stream7_IRQHandler                  0x080001b7   Thumb Code     0  startup_stm32f407xx.o(.text)
    DMA2_Stream1_IRQHandler                  0x080001b7   Thumb Code     0  startup_stm32f407xx.o(.text)
    DMA2_Stream3_IRQHandler                  0x080001b7   Thumb Code     0  startup_stm32f407xx.o(.text)
    DMA2_Stream4_IRQHandler                  0x080001b7   Thumb Code     0  startup_stm32f407xx.o(.text)
    DMA2_Stream5_IRQHandler                  0x080001b7   Thumb Code     0  startup_stm32f407xx.o(.text)
    DMA2_Stream6_IRQHandler                  0x080001b7   Thumb Code     0  startup_stm32f407xx.o(.text)
    DMA2_Stream7_IRQHandler                  0x080001b7   Thumb Code     0  startup_stm32f407xx.o(.text)
    ETH_IRQHandler                           0x080001b7   Thumb Code     0  startup_stm32f407xx.o(.text)
    ETH_WKUP_IRQHandler                      0x080001b7   Thumb Code     0  startup_stm32f407xx.o(.text)
    EXTI1_IRQHandler                         0x080001b7   Thumb Code     0  startup_stm32f407xx.o(.text)
    EXTI2_IRQHandler                         0x080001b7   Thumb Code     0  startup_stm32f407xx.o(.text)
    FLASH_IRQHandler                         0x080001b7   Thumb Code     0  startup_stm32f407xx.o(.text)
    FMC_IRQHandler                           0x080001b7   Thumb Code     0  startup_stm32f407xx.o(.text)
    FPU_IRQHandler                           0x080001b7   Thumb Code     0  startup_stm32f407xx.o(.text)
    HASH_RNG_IRQHandler                      0x080001b7   Thumb Code     0  startup_stm32f407xx.o(.text)
    I2C1_ER_IRQHandler                       0x080001b7   Thumb Code     0  startup_stm32f407xx.o(.text)
    I2C1_EV_IRQHandler                       0x080001b7   Thumb Code     0  startup_stm32f407xx.o(.text)
    I2C2_ER_IRQHandler                       0x080001b7   Thumb Code     0  startup_stm32f407xx.o(.text)
    I2C2_EV_IRQHandler                       0x080001b7   Thumb Code     0  startup_stm32f407xx.o(.text)
    I2C3_ER_IRQHandler                       0x080001b7   Thumb Code     0  startup_stm32f407xx.o(.text)
    I2C3_EV_IRQHandler                       0x080001b7   Thumb Code     0  startup_stm32f407xx.o(.text)
    OTG_FS_IRQHandler                        0x080001b7   Thumb Code     0  startup_stm32f407xx.o(.text)
    OTG_FS_WKUP_IRQHandler                   0x080001b7   Thumb Code     0  startup_stm32f407xx.o(.text)
    OTG_HS_EP1_IN_IRQHandler                 0x080001b7   Thumb Code     0  startup_stm32f407xx.o(.text)
    OTG_HS_EP1_OUT_IRQHandler                0x080001b7   Thumb Code     0  startup_stm32f407xx.o(.text)
    OTG_HS_IRQHandler                        0x080001b7   Thumb Code     0  startup_stm32f407xx.o(.text)
    OTG_HS_WKUP_IRQHandler                   0x080001b7   Thumb Code     0  startup_stm32f407xx.o(.text)
    PVD_IRQHandler                           0x080001b7   Thumb Code     0  startup_stm32f407xx.o(.text)
    RCC_IRQHandler                           0x080001b7   Thumb Code     0  startup_stm32f407xx.o(.text)
    RTC_Alarm_IRQHandler                     0x080001b7   Thumb Code     0  startup_stm32f407xx.o(.text)
    RTC_WKUP_IRQHandler                      0x080001b7   Thumb Code     0  startup_stm32f407xx.o(.text)
    SDIO_IRQHandler                          0x080001b7   Thumb Code     0  startup_stm32f407xx.o(.text)
    SPI1_IRQHandler                          0x080001b7   Thumb Code     0  startup_stm32f407xx.o(.text)
    SPI2_IRQHandler                          0x080001b7   Thumb Code     0  startup_stm32f407xx.o(.text)
    SPI3_IRQHandler                          0x080001b7   Thumb Code     0  startup_stm32f407xx.o(.text)
    TAMP_STAMP_IRQHandler                    0x080001b7   Thumb Code     0  startup_stm32f407xx.o(.text)
    TIM1_CC_IRQHandler                       0x080001b7   Thumb Code     0  startup_stm32f407xx.o(.text)
    TIM1_TRG_COM_TIM11_IRQHandler            0x080001b7   Thumb Code     0  startup_stm32f407xx.o(.text)
    TIM1_UP_TIM10_IRQHandler                 0x080001b7   Thumb Code     0  startup_stm32f407xx.o(.text)
    TIM2_IRQHandler                          0x080001b7   Thumb Code     0  startup_stm32f407xx.o(.text)
    TIM3_IRQHandler                          0x080001b7   Thumb Code     0  startup_stm32f407xx.o(.text)
    TIM4_IRQHandler                          0x080001b7   Thumb Code     0  startup_stm32f407xx.o(.text)
    TIM5_IRQHandler                          0x080001b7   Thumb Code     0  startup_stm32f407xx.o(.text)
    TIM7_IRQHandler                          0x080001b7   Thumb Code     0  startup_stm32f407xx.o(.text)
    TIM8_CC_IRQHandler                       0x080001b7   Thumb Code     0  startup_stm32f407xx.o(.text)
    TIM8_TRG_COM_TIM14_IRQHandler            0x080001b7   Thumb Code     0  startup_stm32f407xx.o(.text)
    TIM8_UP_TIM13_IRQHandler                 0x080001b7   Thumb Code     0  startup_stm32f407xx.o(.text)
    UART4_IRQHandler                         0x080001b7   Thumb Code     0  startup_stm32f407xx.o(.text)
    UART5_IRQHandler                         0x080001b7   Thumb Code     0  startup_stm32f407xx.o(.text)
    USART1_IRQHandler                        0x080001b7   Thumb Code     0  startup_stm32f407xx.o(.text)
    USART2_IRQHandler                        0x080001b7   Thumb Code     0  startup_stm32f407xx.o(.text)
    USART3_IRQHandler                        0x080001b7   Thumb Code     0  startup_stm32f407xx.o(.text)
    USART6_IRQHandler                        0x080001b7   Thumb Code     0  startup_stm32f407xx.o(.text)
    WWDG_IRQHandler                          0x080001b7   Thumb Code     0  startup_stm32f407xx.o(.text)
    __aeabi_uldivmod                         0x080001c1   Thumb Code    98  uldiv.o(.text)
    __aeabi_memset                           0x08000223   Thumb Code    14  memseta.o(.text)
    __aeabi_memset4                          0x08000223   Thumb Code     0  memseta.o(.text)
    __aeabi_memset8                          0x08000223   Thumb Code     0  memseta.o(.text)
    __aeabi_memclr                           0x08000231   Thumb Code     4  memseta.o(.text)
    __aeabi_memclr4                          0x08000231   Thumb Code     0  memseta.o(.text)
    __aeabi_memclr8                          0x08000231   Thumb Code     0  memseta.o(.text)
    _memset$wrapper                          0x08000235   Thumb Code    18  memseta.o(.text)
    __aeabi_dadd                             0x08000247   Thumb Code   322  dadd.o(.text)
    __aeabi_dsub                             0x08000389   Thumb Code     6  dadd.o(.text)
    __aeabi_drsub                            0x0800038f   Thumb Code     6  dadd.o(.text)
    __aeabi_dmul                             0x08000395   Thumb Code   228  dmul.o(.text)
    __aeabi_ddiv                             0x08000479   Thumb Code   222  ddiv.o(.text)
    __aeabi_i2d                              0x08000557   Thumb Code    34  dflti.o(.text)
    __aeabi_ui2d                             0x08000579   Thumb Code    26  dfltui.o(.text)
    __aeabi_d2iz                             0x08000593   Thumb Code    62  dfixi.o(.text)
    __aeabi_d2uiz                            0x080005d1   Thumb Code    50  dfixui.o(.text)
    __aeabi_f2d                              0x08000603   Thumb Code    38  f2d.o(.text)
    __aeabi_cdcmpeq                          0x08000629   Thumb Code     0  cdcmple.o(.text)
    __aeabi_cdcmple                          0x08000629   Thumb Code    48  cdcmple.o(.text)
    __aeabi_cdrcmple                         0x08000659   Thumb Code    48  cdrcmple.o(.text)
    __aeabi_d2f                              0x08000689   Thumb Code    56  d2f.o(.text)
    __aeabi_llsl                             0x080006c1   Thumb Code    30  llshl.o(.text)
    _ll_shift_l                              0x080006c1   Thumb Code     0  llshl.o(.text)
    __aeabi_llsr                             0x080006df   Thumb Code    32  llushr.o(.text)
    _ll_ushift_r                             0x080006df   Thumb Code     0  llushr.o(.text)
    __aeabi_lasr                             0x080006ff   Thumb Code    36  llsshr.o(.text)
    _ll_sshift_r                             0x080006ff   Thumb Code     0  llsshr.o(.text)
    __I$use$fp                               0x08000723   Thumb Code     0  iusefp.o(.text)
    _float_round                             0x08000723   Thumb Code    18  fepilogue.o(.text)
    _float_epilogue                          0x08000735   Thumb Code    92  fepilogue.o(.text)
    _double_round                            0x08000791   Thumb Code    30  depilogue.o(.text)
    _double_epilogue                         0x080007af   Thumb Code   156  depilogue.o(.text)
    __scatterload                            0x0800084d   Thumb Code    28  init.o(.text)
    __scatterload_rt2                        0x0800084d   Thumb Code     0  init.o(.text)
    __decompress                             0x08000871   Thumb Code     0  __dczerorl2.o(.text)
    __decompress1                            0x08000871   Thumb Code    86  __dczerorl2.o(.text)
    ADC1_Average                             0x080008c9   Thumb Code    96  control.o(i.ADC1_Average)
    ADC_Init                                 0x080009bd   Thumb Code    62  control.o(i.ADC_Init)
    ADC_VRMS                                 0x08000b31   Thumb Code   142  main.o(i.ADC_VRMS)
    BusFault_Handler                         0x08000bcd   Thumb Code     2  stm32f4xx_it.o(i.BusFault_Handler)
    DAC_DMAConvCpltCh2                       0x08000bdf   Thumb Code    16  stm32f4xx_hal_dac_ex.o(i.DAC_DMAConvCpltCh2)
    DAC_DMAErrorCh2                          0x08000c07   Thumb Code    24  stm32f4xx_hal_dac_ex.o(i.DAC_DMAErrorCh2)
    DAC_DMAHalfConvCpltCh2                   0x08000c29   Thumb Code    10  stm32f4xx_hal_dac_ex.o(i.DAC_DMAHalfConvCpltCh2)
    DAC_GAIN_Set                             0x08000c35   Thumb Code    62  main.o(i.DAC_GAIN_Set)
    DAC_SetFreqHz                            0x08000c81   Thumb Code    32  main.o(i.DAC_SetFreqHz)
    DMA1_Stream5_IRQHandler                  0x08000ca9   Thumb Code     6  stm32f4xx_it.o(i.DMA1_Stream5_IRQHandler)
    DMA1_Stream6_IRQHandler                  0x08000cb5   Thumb Code     6  stm32f4xx_it.o(i.DMA1_Stream6_IRQHandler)
    DMA2_Stream0_IRQHandler                  0x08000cc1   Thumb Code     6  stm32f4xx_it.o(i.DMA2_Stream0_IRQHandler)
    DMA2_Stream2_IRQHandler                  0x08000ccd   Thumb Code     6  stm32f4xx_it.o(i.DMA2_Stream2_IRQHandler)
    DebugMon_Handler                         0x08000d7d   Thumb Code     2  stm32f4xx_it.o(i.DebugMon_Handler)
    EXTI0_IRQHandler                         0x08000d7f   Thumb Code     6  stm32f4xx_it.o(i.EXTI0_IRQHandler)
    EXTI15_10_IRQHandler                     0x08000d85   Thumb Code    22  stm32f4xx_it.o(i.EXTI15_10_IRQHandler)
    EXTI3_IRQHandler                         0x08000d9b   Thumb Code     6  stm32f4xx_it.o(i.EXTI3_IRQHandler)
    EXTI4_IRQHandler                         0x08000da1   Thumb Code     6  stm32f4xx_it.o(i.EXTI4_IRQHandler)
    EXTI9_5_IRQHandler                       0x08000da7   Thumb Code    22  stm32f4xx_it.o(i.EXTI9_5_IRQHandler)
    Error_Handler                            0x08000dbd   Thumb Code     2  main.o(i.Error_Handler)
    HAL_ADC_ConfigChannel                    0x08000dc1   Thumb Code   316  stm32f4xx_hal_adc.o(i.HAL_ADC_ConfigChannel)
    HAL_ADC_ConvCpltCallback                 0x08000f0d   Thumb Code     2  stm32f4xx_hal_adc.o(i.HAL_ADC_ConvCpltCallback)
    HAL_ADC_ConvHalfCpltCallback             0x08000f0f   Thumb Code     2  stm32f4xx_hal_adc.o(i.HAL_ADC_ConvHalfCpltCallback)
    HAL_ADC_ErrorCallback                    0x08000f11   Thumb Code     2  stm32f4xx_hal_adc.o(i.HAL_ADC_ErrorCallback)
    HAL_ADC_Init                             0x08000f13   Thumb Code    84  stm32f4xx_hal_adc.o(i.HAL_ADC_Init)
    HAL_ADC_MspInit                          0x08000f69   Thumb Code   304  adc.o(i.HAL_ADC_MspInit)
    HAL_ADC_Start_DMA                        0x080010b9   Thumb Code   268  stm32f4xx_hal_adc.o(i.HAL_ADC_Start_DMA)
    HAL_DACEx_ConvCpltCallbackCh2            0x080011e9   Thumb Code     2  stm32f4xx_hal_dac_ex.o(i.HAL_DACEx_ConvCpltCallbackCh2)
    HAL_DACEx_ConvHalfCpltCallbackCh2        0x080011eb   Thumb Code     2  stm32f4xx_hal_dac_ex.o(i.HAL_DACEx_ConvHalfCpltCallbackCh2)
    HAL_DACEx_DMAUnderrunCallbackCh2         0x080011ed   Thumb Code     2  stm32f4xx_hal_dac_ex.o(i.HAL_DACEx_DMAUnderrunCallbackCh2)
    HAL_DACEx_ErrorCallbackCh2               0x080011ef   Thumb Code     2  stm32f4xx_hal_dac_ex.o(i.HAL_DACEx_ErrorCallbackCh2)
    HAL_DAC_ConfigChannel                    0x080011f1   Thumb Code    66  stm32f4xx_hal_dac.o(i.HAL_DAC_ConfigChannel)
    HAL_DAC_ConvCpltCallbackCh1              0x08001233   Thumb Code     2  stm32f4xx_hal_dac.o(i.HAL_DAC_ConvCpltCallbackCh1)
    HAL_DAC_ConvHalfCpltCallbackCh1          0x08001235   Thumb Code     2  stm32f4xx_hal_dac.o(i.HAL_DAC_ConvHalfCpltCallbackCh1)
    HAL_DAC_DMAUnderrunCallbackCh1           0x08001237   Thumb Code     2  stm32f4xx_hal_dac.o(i.HAL_DAC_DMAUnderrunCallbackCh1)
    HAL_DAC_ErrorCallbackCh1                 0x08001239   Thumb Code     2  stm32f4xx_hal_dac.o(i.HAL_DAC_ErrorCallbackCh1)
    HAL_DAC_IRQHandler                       0x0800123b   Thumb Code    92  stm32f4xx_hal_dac.o(i.HAL_DAC_IRQHandler)
    HAL_DAC_Init                             0x08001297   Thumb Code    40  stm32f4xx_hal_dac.o(i.HAL_DAC_Init)
    HAL_DAC_MspInit                          0x080012c1   Thumb Code   220  dac.o(i.HAL_DAC_MspInit)
    HAL_DAC_Start_DMA                        0x080013b1   Thumb Code   230  stm32f4xx_hal_dac.o(i.HAL_DAC_Start_DMA)
    HAL_DMA_IRQHandler                       0x080014b1   Thumb Code   412  stm32f4xx_hal_dma.o(i.HAL_DMA_IRQHandler)
    HAL_DMA_Init                             0x08001651   Thumb Code   206  stm32f4xx_hal_dma.o(i.HAL_DMA_Init)
    HAL_DMA_Start_IT                         0x08001725   Thumb Code   120  stm32f4xx_hal_dma.o(i.HAL_DMA_Start_IT)
    HAL_Delay                                0x0800179d   Thumb Code    32  stm32f4xx_hal.o(i.HAL_Delay)
    HAL_GPIO_EXTI_Callback                   0x080017c1   Thumb Code   100  main.o(i.HAL_GPIO_EXTI_Callback)
    HAL_GPIO_EXTI_IRQHandler                 0x08001835   Thumb Code    18  stm32f4xx_hal_gpio.o(i.HAL_GPIO_EXTI_IRQHandler)
    HAL_GPIO_Init                            0x0800184d   Thumb Code   388  stm32f4xx_hal_gpio.o(i.HAL_GPIO_Init)
    HAL_GPIO_ReadPin                         0x080019fd   Thumb Code    10  stm32f4xx_hal_gpio.o(i.HAL_GPIO_ReadPin)
    HAL_GPIO_TogglePin                       0x08001a07   Thumb Code    14  stm32f4xx_hal_gpio.o(i.HAL_GPIO_TogglePin)
    HAL_GPIO_WritePin                        0x08001a15   Thumb Code    10  stm32f4xx_hal_gpio.o(i.HAL_GPIO_WritePin)
    HAL_GetTick                              0x08001a21   Thumb Code     6  stm32f4xx_hal.o(i.HAL_GetTick)
    HAL_I2C_Init                             0x08001a2d   Thumb Code   356  stm32f4xx_hal_i2c.o(i.HAL_I2C_Init)
    HAL_I2C_Mem_Write                        0x08001ba1   Thumb Code   294  stm32f4xx_hal_i2c.o(i.HAL_I2C_Mem_Write)
    HAL_I2C_MspInit                          0x08001cd1   Thumb Code    92  i2c.o(i.HAL_I2C_MspInit)
    HAL_IncTick                              0x08001d39   Thumb Code    12  stm32f4xx_hal.o(i.HAL_IncTick)
    HAL_Init                                 0x08001d49   Thumb Code    48  stm32f4xx_hal.o(i.HAL_Init)
    HAL_InitTick                             0x08001d7d   Thumb Code    54  stm32f4xx_hal.o(i.HAL_InitTick)
    HAL_MspInit                              0x08001dbd   Thumb Code    42  stm32f4xx_hal_msp.o(i.HAL_MspInit)
    HAL_NVIC_EnableIRQ                       0x08001ded   Thumb Code    26  stm32f4xx_hal_cortex.o(i.HAL_NVIC_EnableIRQ)
    HAL_NVIC_SetPriority                     0x08001e09   Thumb Code    60  stm32f4xx_hal_cortex.o(i.HAL_NVIC_SetPriority)
    HAL_NVIC_SetPriorityGrouping             0x08001e49   Thumb Code    26  stm32f4xx_hal_cortex.o(i.HAL_NVIC_SetPriorityGrouping)
    HAL_RCC_ClockConfig                      0x08001e6d   Thumb Code   286  stm32f4xx_hal_rcc.o(i.HAL_RCC_ClockConfig)
    HAL_RCC_GetPCLK1Freq                     0x08001f9d   Thumb Code    20  stm32f4xx_hal_rcc.o(i.HAL_RCC_GetPCLK1Freq)
    HAL_RCC_GetPCLK2Freq                     0x08001fbd   Thumb Code    20  stm32f4xx_hal_rcc.o(i.HAL_RCC_GetPCLK2Freq)
    HAL_RCC_GetSysClockFreq                  0x08001fdd   Thumb Code    88  stm32f4xx_hal_rcc.o(i.HAL_RCC_GetSysClockFreq)
    HAL_RCC_OscConfig                        0x0800203d   Thumb Code   770  stm32f4xx_hal_rcc.o(i.HAL_RCC_OscConfig)
    HAL_SPI_Init                             0x08002359   Thumb Code   128  stm32f4xx_hal_spi.o(i.HAL_SPI_Init)
    HAL_SPI_MspInit                          0x080023d9   Thumb Code    92  spi.o(i.HAL_SPI_MspInit)
    HAL_SYSTICK_Config                       0x08002441   Thumb Code    40  stm32f4xx_hal_cortex.o(i.HAL_SYSTICK_Config)
    HAL_TIMEx_BreakCallback                  0x08002469   Thumb Code     2  stm32f4xx_hal_tim_ex.o(i.HAL_TIMEx_BreakCallback)
    HAL_TIMEx_CommutCallback                 0x0800246b   Thumb Code     2  stm32f4xx_hal_tim_ex.o(i.HAL_TIMEx_CommutCallback)
    HAL_TIMEx_ConfigBreakDeadTime            0x0800246d   Thumb Code    84  stm32f4xx_hal_tim_ex.o(i.HAL_TIMEx_ConfigBreakDeadTime)
    HAL_TIMEx_MasterConfigSynchronization    0x080024c1   Thumb Code    66  stm32f4xx_hal_tim_ex.o(i.HAL_TIMEx_MasterConfigSynchronization)
    HAL_TIM_Base_Init                        0x08002503   Thumb Code    54  stm32f4xx_hal_tim.o(i.HAL_TIM_Base_Init)
    HAL_TIM_Base_MspInit                     0x08002539   Thumb Code   126  tim.o(i.HAL_TIM_Base_MspInit)
    HAL_TIM_Base_Start                       0x080025c9   Thumb Code    36  stm32f4xx_hal_tim.o(i.HAL_TIM_Base_Start)
    HAL_TIM_Base_Start_IT                    0x080025ed   Thumb Code    34  stm32f4xx_hal_tim.o(i.HAL_TIM_Base_Start_IT)
    HAL_TIM_ConfigClockSource                0x0800260f   Thumb Code   214  stm32f4xx_hal_tim.o(i.HAL_TIM_ConfigClockSource)
    HAL_TIM_IC_CaptureCallback               0x080026e5   Thumb Code     2  stm32f4xx_hal_tim.o(i.HAL_TIM_IC_CaptureCallback)
    HAL_TIM_IRQHandler                       0x080026e7   Thumb Code   358  stm32f4xx_hal_tim.o(i.HAL_TIM_IRQHandler)
    HAL_TIM_MspPostInit                      0x0800284d   Thumb Code   114  tim.o(i.HAL_TIM_MspPostInit)
    HAL_TIM_OC_DelayElapsedCallback          0x080028d1   Thumb Code     2  stm32f4xx_hal_tim.o(i.HAL_TIM_OC_DelayElapsedCallback)
    HAL_TIM_PWM_ConfigChannel                0x080028d3   Thumb Code   208  stm32f4xx_hal_tim.o(i.HAL_TIM_PWM_ConfigChannel)
    HAL_TIM_PWM_Init                         0x080029a3   Thumb Code    54  stm32f4xx_hal_tim.o(i.HAL_TIM_PWM_Init)
    HAL_TIM_PWM_MspInit                      0x080029d9   Thumb Code    76  tim.o(i.HAL_TIM_PWM_MspInit)
    HAL_TIM_PWM_PulseFinishedCallback        0x08002a2d   Thumb Code     2  stm32f4xx_hal_tim.o(i.HAL_TIM_PWM_PulseFinishedCallback)
    HAL_TIM_PWM_Start                        0x08002a31   Thumb Code    58  stm32f4xx_hal_tim.o(i.HAL_TIM_PWM_Start)
    HAL_TIM_PeriodElapsedCallback            0x08002a75   Thumb Code  4952  main.o(i.HAL_TIM_PeriodElapsedCallback)
    HAL_TIM_TriggerCallback                  0x08003dcd   Thumb Code     2  stm32f4xx_hal_tim.o(i.HAL_TIM_TriggerCallback)
    HAL_UART_Init                            0x08003dcf   Thumb Code    98  stm32f4xx_hal_uart.o(i.HAL_UART_Init)
    HAL_UART_MspInit                         0x08003e31   Thumb Code    94  usart.o(i.HAL_UART_MspInit)
    HardFault_Handler                        0x08003e9d   Thumb Code     2  stm32f4xx_it.o(i.HardFault_Handler)
    MX_ADC1_Init                             0x080040f9   Thumb Code   148  adc.o(i.MX_ADC1_Init)
    MX_ADC2_Init                             0x08004199   Thumb Code   110  adc.o(i.MX_ADC2_Init)
    MX_DAC_Init                              0x08004215   Thumb Code    70  dac.o(i.MX_DAC_Init)
    MX_DMA_Init                              0x08004265   Thumb Code   104  dma.o(i.MX_DMA_Init)
    MX_GPIO_Init                             0x080042d1   Thumb Code   528  gpio.o(i.MX_GPIO_Init)
    MX_I2C1_Init                             0x080044f9   Thumb Code    50  i2c.o(i.MX_I2C1_Init)
    MX_SPI1_Init                             0x08004539   Thumb Code    60  spi.o(i.MX_SPI1_Init)
    MX_TIM12_Init                            0x0800457d   Thumb Code    70  tim.o(i.MX_TIM12_Init)
    MX_TIM1_Init                             0x080045cd   Thumb Code   154  tim.o(i.MX_TIM1_Init)
    MX_TIM2_Init                             0x08004671   Thumb Code   104  tim.o(i.MX_TIM2_Init)
    MX_TIM6_Init                             0x080046dd   Thumb Code    62  tim.o(i.MX_TIM6_Init)
    MX_TIM9_Init                             0x08004725   Thumb Code    70  tim.o(i.MX_TIM9_Init)
    MX_USART1_UART_Init                      0x08004775   Thumb Code    48  usart.o(i.MX_USART1_UART_Init)
    MemManage_Handler                        0x080047ad   Thumb Code     2  stm32f4xx_it.o(i.MemManage_Handler)
    NMI_Handler                              0x080047af   Thumb Code     2  stm32f4xx_it.o(i.NMI_Handler)
    OLED_Clear                               0x080047b1   Thumb Code    58  oled.o(i.OLED_Clear)
    OLED_Init                                0x080047eb   Thumb Code   222  oled.o(i.OLED_Init)
    OLED_Set_Pos                             0x080048c9   Thumb Code    42  oled.o(i.OLED_Set_Pos)
    OLED_ShowChar                            0x080048f5   Thumb Code   142  oled.o(i.OLED_ShowChar)
    OLED_ShowFloat                           0x0800498d   Thumb Code   324  oled.o(i.OLED_ShowFloat)
    OLED_ShowNum                             0x08004ad1   Thumb Code   126  oled.o(i.OLED_ShowNum)
    OLED_ShowString                          0x08004b4f   Thumb Code    62  oled.o(i.OLED_ShowString)
    OLED_ShowWave                            0x08004b8d   Thumb Code   100  oled.o(i.OLED_ShowWave)
    OLED_WR_Byte                             0x08004bf5   Thumb Code    12  oled.o(i.OLED_WR_Byte)
    PWM_SetFreqkHz                           0x08004c01   Thumb Code    48  main.o(i.PWM_SetFreqkHz)
    PendSV_Handler                           0x08004c39   Thumb Code     2  stm32f4xx_it.o(i.PendSV_Handler)
    SVC_Handler                              0x08004c3b   Thumb Code     2  stm32f4xx_it.o(i.SVC_Handler)
    SysTick_Handler                          0x08004c3d   Thumb Code     4  stm32f4xx_it.o(i.SysTick_Handler)
    SystemClock_Config                       0x08004c41   Thumb Code   122  main.o(i.SystemClock_Config)
    SystemInit                               0x08004cc5   Thumb Code    66  system_stm32f4xx.o(i.SystemInit)
    TIM1_BRK_TIM9_IRQHandler                 0x08004d19   Thumb Code    18  stm32f4xx_it.o(i.TIM1_BRK_TIM9_IRQHandler)
    TIM6_DAC_IRQHandler                      0x08004d35   Thumb Code    18  stm32f4xx_it.o(i.TIM6_DAC_IRQHandler)
    TIM8_BRK_TIM12_IRQHandler                0x08004d51   Thumb Code     6  stm32f4xx_it.o(i.TIM8_BRK_TIM12_IRQHandler)
    TIM_Base_SetConfig                       0x08004d5d   Thumb Code   156  stm32f4xx_hal_tim.o(i.TIM_Base_SetConfig)
    TIM_CCxChannelCmd                        0x08004e25   Thumb Code    26  stm32f4xx_hal_tim.o(i.TIM_CCxChannelCmd)
    TIM_ETR_SetConfig                        0x08004e3f   Thumb Code    20  stm32f4xx_hal_tim.o(i.TIM_ETR_SetConfig)
    TIM_OC2_SetConfig                        0x08004ec5   Thumb Code    98  stm32f4xx_hal_tim.o(i.TIM_OC2_SetConfig)
    UsageFault_Handler                       0x080052dd   Thumb Code     2  stm32f4xx_it.o(i.UsageFault_Handler)
    Write_IIC_Command                        0x080052e1   Thumb Code    30  oled.o(i.Write_IIC_Command)
    Write_IIC_Data                           0x08005305   Thumb Code    30  oled.o(i.Write_IIC_Data)
    __hardfp_log10f                          0x08005349   Thumb Code   332  log10f.o(i.__hardfp_log10f)
    __mathlib_flt_divzero                    0x080054c9   Thumb Code    14  funder.o(i.__mathlib_flt_divzero)
    __mathlib_flt_infnan                     0x080054dd   Thumb Code     6  funder.o(i.__mathlib_flt_infnan)
    __mathlib_flt_invalid                    0x080054e5   Thumb Code    10  funder.o(i.__mathlib_flt_invalid)
    __scatterload_copy                       0x080054f5   Thumb Code    14  handlers.o(i.__scatterload_copy)
    __scatterload_null                       0x08005503   Thumb Code     2  handlers.o(i.__scatterload_null)
    __scatterload_zeroinit                   0x08005505   Thumb Code    14  handlers.o(i.__scatterload_zeroinit)
    __set_errno                              0x08005515   Thumb Code     6  errno.o(i.__set_errno)
    main                                     0x08005521   Thumb Code  2140  main.o(i.main)
    oled_pow                                 0x08005e4d   Thumb Code    16  oled.o(i.oled_pow)
    F6x8                                     0x08005e5c   Data         552  oled.o(.constdata)
    F8X16                                    0x08006084   Data        1520  oled.o(.constdata)
    Wave80x24                                0x08006674   Data         241  oled.o(.constdata)
    Sinebit1                                 0x08006766   Data         200  main.o(.constdata)
    Sinebit2                                 0x0800682e   Data         200  main.o(.constdata)
    AHBPrescTable                            0x080068fe   Data          16  system_stm32f4xx.o(.constdata)
    APBPrescTable                            0x0800690e   Data           8  system_stm32f4xx.o(.constdata)
    Region$$Table$$Base                      0x08006958   Number         0  anon$$obj.o(Region$$Table)
    Region$$Table$$Limit                     0x08006978   Number         0  anon$$obj.o(Region$$Table)
    adc2_filter                              0x2000000e   Data           4  control.o(.data)
    adc1_filter                              0x20000012   Data           8  control.o(.data)
    adc2_average                             0x2000001c   Data           8  control.o(.data)
    FLAG_GLOBAL_MODE                         0x20000028   Data           1  main.o(.data)
    FLAG_MODE_SET0                           0x20000029   Data           1  main.o(.data)
    FLAG_MODE_SET1                           0x2000002a   Data           1  main.o(.data)
    flag_vavr                                0x2000002b   Data           1  main.o(.data)
    flag_input                               0x2000002c   Data           1  main.o(.data)
    flag_input1                              0x2000002d   Data           1  main.o(.data)
    flag_output                              0x2000002e   Data           1  main.o(.data)
    flag_gain_1kHz                           0x2000002f   Data           1  main.o(.data)
    flag_gain_200kHz                         0x20000030   Data           1  main.o(.data)
    flag_pulse                               0x20000031   Data           1  main.o(.data)
    flag_50Hz_gain                           0x20000032   Data           1  main.o(.data)
    flag_ad_vrm                              0x20000034   Data           2  main.o(.data)
    adc1_vpp                                 0x20000036   Data           2  main.o(.data)
    adc2_vpp                                 0x20000038   Data           2  main.o(.data)
    vo_vpp_no_load                           0x2000003a   Data           2  main.o(.data)
    vo_vpp_with_load                         0x2000003c   Data           2  main.o(.data)
    vo_avr_no_load                           0x2000003e   Data           2  main.o(.data)
    vo_avr_with_load                         0x20000040   Data           2  main.o(.data)
    pulse_vpp_adc                            0x20000042   Data           2  main.o(.data)
    vo_avr_1kHz                              0x20000044   Data           2  main.o(.data)
    flag_vavr_adc                            0x20000046   Data           2  main.o(.data)
    flag_100Hz                               0x20000048   Data           2  main.o(.data)
    ii                                       0x2000004a   Data           2  main.o(.data)
    Idx                                      0x20000050   Data           4  main.o(.data)
    ad1_vrm_p                                0x20000054   Data           8  main.o(.data)
    ad1_vrm_n                                0x2000005c   Data           8  main.o(.data)
    regsitor_input                           0x20000068   Data           8  main.o(.data)
    regsitor_input_temp                      0x20000070   Data           8  main.o(.data)
    regsitor_input_adv                       0x20000078   Data           8  main.o(.data)
    regsitor_output                          0x20000080   Data           8  main.o(.data)
    regsitor_output_adv                      0x20000088   Data           8  main.o(.data)
    gain_in                                  0x20000090   Data           8  main.o(.data)
    gain_max                                 0x20000098   Data           8  main.o(.data)
    gain_max_adv                             0x200000a0   Data           8  main.o(.data)
    gain_limit                               0x200000a8   Data           8  main.o(.data)
    gain_limit_adv                           0x200000b0   Data           8  main.o(.data)
    A1                                       0x200000c8   Data           8  main.o(.data)
    A2                                       0x200000d0   Data           8  main.o(.data)
    F1                                       0x200000d8   Data           8  main.o(.data)
    F2                                       0x200000e0   Data           8  main.o(.data)
    F0                                       0x200000e8   Data           8  main.o(.data)
    A0                                       0x200000f0   Data           8  main.o(.data)
    A1_adv                                   0x200000f8   Data           8  main.o(.data)
    A2_adv                                   0x20000100   Data           8  main.o(.data)
    F1_adv                                   0x20000108   Data           8  main.o(.data)
    F2_adv                                   0x20000110   Data           8  main.o(.data)
    F0_adv                                   0x20000118   Data           8  main.o(.data)
    A0_adv                                   0x20000120   Data           8  main.o(.data)
    gain_freq                                0x20000128   Data          88  main.o(.data)
    uwTickFreq                               0x20000180   Data           1  stm32f4xx_hal.o(.data)
    uwTickPrio                               0x20000184   Data           4  stm32f4xx_hal.o(.data)
    uwTick                                   0x20000188   Data           4  stm32f4xx_hal.o(.data)
    SystemCoreClock                          0x2000018c   Data           4  system_stm32f4xx.o(.data)
    hpid1                                    0x20000194   Data          56  control.o(.bss)
    hpid2                                    0x200001cc   Data          56  control.o(.bss)
    hpr1                                     0x20000204   Data          72  control.o(.bss)
    hpr3x1                                   0x2000024c   Data          72  control.o(.bss)
    hpll                                     0x20000294   Data          72  control.o(.bss)
    adc1_average                             0x200002dc   Data          16  control.o(.bss)
    adc1_values                              0x200002ec   Data          64  control.o(.bss)
    adc2_values                              0x2000032c   Data          20  control.o(.bss)
    gain_trans                               0x20000340   Data         160  main.o(.bss)
    gain_trans_adv                           0x200003e0   Data         160  main.o(.bss)
    vo_vpp                                   0x20000480   Data          40  main.o(.bss)
    DualSinebit                              0x200004a8   Data         200  main.o(.bss)
    hadc1                                    0x20000570   Data          72  adc.o(.bss)
    hadc2                                    0x200005b8   Data          72  adc.o(.bss)
    hdma_adc1                                0x20000600   Data          96  adc.o(.bss)
    hdma_adc2                                0x20000660   Data          96  adc.o(.bss)
    hdac                                     0x200006c0   Data          20  dac.o(.bss)
    hdma_dac1                                0x200006d4   Data          96  dac.o(.bss)
    hdma_dac2                                0x20000734   Data          96  dac.o(.bss)
    hi2c1                                    0x20000794   Data          84  i2c.o(.bss)
    hspi1                                    0x200007e8   Data          88  spi.o(.bss)
    htim1                                    0x20000840   Data          64  tim.o(.bss)
    htim2                                    0x20000880   Data          64  tim.o(.bss)
    htim6                                    0x200008c0   Data          64  tim.o(.bss)
    htim9                                    0x20000900   Data          64  tim.o(.bss)
    htim12                                   0x20000940   Data          64  tim.o(.bss)
    huart1                                   0x20000980   Data          64  usart.o(.bss)
    __initial_sp                             0x200018c0   Data           0  startup_stm32f407xx.o(STACK)



==============================================================================

Memory Map of the image

  Image Entry point : 0x08000189

  Load Region LR_IROM1 (Base: 0x08000000, Size: 0x00006b0c, Max: 0x00080000, ABSOLUTE, COMPRESSED[0x000069b4])

    Execution Region ER_IROM1 (Base: 0x08000000, Size: 0x00006978, Max: 0x00080000, ABSOLUTE)

    Base Addr    Size         Type   Attr      Idx    E Section Name        Object

    0x08000000   0x00000188   Data   RO            3    RESET               startup_stm32f407xx.o
    0x08000188   0x00000000   Code   RO         4991  * .ARM.Collect$$$$00000000  mc_w.l(entry.o)
    0x08000188   0x00000004   Code   RO         5034    .ARM.Collect$$$$00000001  mc_w.l(entry2.o)
    0x0800018c   0x00000004   Code   RO         5037    .ARM.Collect$$$$00000004  mc_w.l(entry5.o)
    0x08000190   0x00000000   Code   RO         5039    .ARM.Collect$$$$00000008  mc_w.l(entry7b.o)
    0x08000190   0x00000000   Code   RO         5041    .ARM.Collect$$$$0000000A  mc_w.l(entry8b.o)
    0x08000190   0x00000008   Code   RO         5042    .ARM.Collect$$$$0000000B  mc_w.l(entry9a.o)
    0x08000198   0x00000000   Code   RO         5044    .ARM.Collect$$$$0000000D  mc_w.l(entry10a.o)
    0x08000198   0x00000000   Code   RO         5046    .ARM.Collect$$$$0000000F  mc_w.l(entry11a.o)
    0x08000198   0x00000004   Code   RO         5035    .ARM.Collect$$$$00002712  mc_w.l(entry2.o)
    0x0800019c   0x00000024   Code   RO            4    .text               startup_stm32f407xx.o
    0x080001c0   0x00000062   Code   RO         4994    .text               mc_w.l(uldiv.o)
    0x08000222   0x00000024   Code   RO         4996    .text               mc_w.l(memseta.o)
    0x08000246   0x0000014e   Code   RO         4998    .text               mf_w.l(dadd.o)
    0x08000394   0x000000e4   Code   RO         5000    .text               mf_w.l(dmul.o)
    0x08000478   0x000000de   Code   RO         5002    .text               mf_w.l(ddiv.o)
    0x08000556   0x00000022   Code   RO         5004    .text               mf_w.l(dflti.o)
    0x08000578   0x0000001a   Code   RO         5006    .text               mf_w.l(dfltui.o)
    0x08000592   0x0000003e   Code   RO         5008    .text               mf_w.l(dfixi.o)
    0x080005d0   0x00000032   Code   RO         5010    .text               mf_w.l(dfixui.o)
    0x08000602   0x00000026   Code   RO         5012    .text               mf_w.l(f2d.o)
    0x08000628   0x00000030   Code   RO         5014    .text               mf_w.l(cdcmple.o)
    0x08000658   0x00000030   Code   RO         5016    .text               mf_w.l(cdrcmple.o)
    0x08000688   0x00000038   Code   RO         5018    .text               mf_w.l(d2f.o)
    0x080006c0   0x0000001e   Code   RO         5048    .text               mc_w.l(llshl.o)
    0x080006de   0x00000020   Code   RO         5050    .text               mc_w.l(llushr.o)
    0x080006fe   0x00000024   Code   RO         5052    .text               mc_w.l(llsshr.o)
    0x08000722   0x00000000   Code   RO         5061    .text               mc_w.l(iusefp.o)
    0x08000722   0x0000006e   Code   RO         5062    .text               mf_w.l(fepilogue.o)
    0x08000790   0x000000ba   Code   RO         5064    .text               mf_w.l(depilogue.o)
    0x0800084a   0x00000002   PAD
    0x0800084c   0x00000024   Code   RO         5066    .text               mc_w.l(init.o)
    0x08000870   0x00000056   Code   RO         5076    .text               mc_w.l(__dczerorl2.o)
    0x080008c6   0x00000002   PAD
    0x080008c8   0x00000064   Code   RO          363    i.ADC1_Average      control.o
    0x0800092c   0x0000006e   Code   RO         1141    i.ADC_DMAConvCplt   stm32f4xx_hal_adc.o
    0x0800099a   0x00000016   Code   RO         1142    i.ADC_DMAError      stm32f4xx_hal_adc.o
    0x080009b0   0x0000000a   Code   RO         1143    i.ADC_DMAHalfConvCplt  stm32f4xx_hal_adc.o
    0x080009ba   0x00000002   PAD
    0x080009bc   0x0000004c   Code   RO          365    i.ADC_Init          control.o
    0x08000a08   0x00000128   Code   RO         1144    i.ADC_Init          stm32f4xx_hal_adc.o
    0x08000b30   0x0000009c   Code   RO          509    i.ADC_VRMS          main.o
    0x08000bcc   0x00000002   Code   RO          969    i.BusFault_Handler  stm32f4xx_it.o
    0x08000bce   0x00000010   Code   RO         1416    i.DAC_DMAConvCpltCh1  stm32f4xx_hal_dac.o
    0x08000bde   0x00000010   Code   RO         1557    i.DAC_DMAConvCpltCh2  stm32f4xx_hal_dac_ex.o
    0x08000bee   0x00000018   Code   RO         1417    i.DAC_DMAErrorCh1   stm32f4xx_hal_dac.o
    0x08000c06   0x00000018   Code   RO         1558    i.DAC_DMAErrorCh2   stm32f4xx_hal_dac_ex.o
    0x08000c1e   0x0000000a   Code   RO         1418    i.DAC_DMAHalfConvCpltCh1  stm32f4xx_hal_dac.o
    0x08000c28   0x0000000a   Code   RO         1559    i.DAC_DMAHalfConvCpltCh2  stm32f4xx_hal_dac_ex.o
    0x08000c32   0x00000002   PAD
    0x08000c34   0x0000004c   Code   RO          510    i.DAC_GAIN_Set      main.o
    0x08000c80   0x00000028   Code   RO          511    i.DAC_SetFreqHz     main.o
    0x08000ca8   0x0000000c   Code   RO          970    i.DMA1_Stream5_IRQHandler  stm32f4xx_it.o
    0x08000cb4   0x0000000c   Code   RO          971    i.DMA1_Stream6_IRQHandler  stm32f4xx_it.o
    0x08000cc0   0x0000000c   Code   RO          972    i.DMA2_Stream0_IRQHandler  stm32f4xx_it.o
    0x08000ccc   0x0000000c   Code   RO          973    i.DMA2_Stream2_IRQHandler  stm32f4xx_it.o
    0x08000cd8   0x00000028   Code   RO         4116    i.DMA_CalcBaseAndBitshift  stm32f4xx_hal_dma.o
    0x08000d00   0x00000054   Code   RO         4117    i.DMA_CheckFifoParam  stm32f4xx_hal_dma.o
    0x08000d54   0x00000028   Code   RO         4118    i.DMA_SetConfig     stm32f4xx_hal_dma.o
    0x08000d7c   0x00000002   Code   RO          974    i.DebugMon_Handler  stm32f4xx_it.o
    0x08000d7e   0x00000006   Code   RO          975    i.EXTI0_IRQHandler  stm32f4xx_it.o
    0x08000d84   0x00000016   Code   RO          976    i.EXTI15_10_IRQHandler  stm32f4xx_it.o
    0x08000d9a   0x00000006   Code   RO          977    i.EXTI3_IRQHandler  stm32f4xx_it.o
    0x08000da0   0x00000006   Code   RO          978    i.EXTI4_IRQHandler  stm32f4xx_it.o
    0x08000da6   0x00000016   Code   RO          979    i.EXTI9_5_IRQHandler  stm32f4xx_it.o
    0x08000dbc   0x00000002   Code   RO          512    i.Error_Handler     main.o
    0x08000dbe   0x00000002   PAD
    0x08000dc0   0x0000014c   Code   RO         1146    i.HAL_ADC_ConfigChannel  stm32f4xx_hal_adc.o
    0x08000f0c   0x00000002   Code   RO         1147    i.HAL_ADC_ConvCpltCallback  stm32f4xx_hal_adc.o
    0x08000f0e   0x00000002   Code   RO         1148    i.HAL_ADC_ConvHalfCpltCallback  stm32f4xx_hal_adc.o
    0x08000f10   0x00000002   Code   RO         1150    i.HAL_ADC_ErrorCallback  stm32f4xx_hal_adc.o
    0x08000f12   0x00000054   Code   RO         1155    i.HAL_ADC_Init      stm32f4xx_hal_adc.o
    0x08000f66   0x00000002   PAD
    0x08000f68   0x00000150   Code   RO          646    i.HAL_ADC_MspInit   adc.o
    0x080010b8   0x00000130   Code   RO         1162    i.HAL_ADC_Start_DMA  stm32f4xx_hal_adc.o
    0x080011e8   0x00000002   Code   RO         1560    i.HAL_DACEx_ConvCpltCallbackCh2  stm32f4xx_hal_dac_ex.o
    0x080011ea   0x00000002   Code   RO         1561    i.HAL_DACEx_ConvHalfCpltCallbackCh2  stm32f4xx_hal_dac_ex.o
    0x080011ec   0x00000002   Code   RO         1562    i.HAL_DACEx_DMAUnderrunCallbackCh2  stm32f4xx_hal_dac_ex.o
    0x080011ee   0x00000002   Code   RO         1565    i.HAL_DACEx_ErrorCallbackCh2  stm32f4xx_hal_dac_ex.o
    0x080011f0   0x00000042   Code   RO         1419    i.HAL_DAC_ConfigChannel  stm32f4xx_hal_dac.o
    0x08001232   0x00000002   Code   RO         1420    i.HAL_DAC_ConvCpltCallbackCh1  stm32f4xx_hal_dac.o
    0x08001234   0x00000002   Code   RO         1421    i.HAL_DAC_ConvHalfCpltCallbackCh1  stm32f4xx_hal_dac.o
    0x08001236   0x00000002   Code   RO         1422    i.HAL_DAC_DMAUnderrunCallbackCh1  stm32f4xx_hal_dac.o
    0x08001238   0x00000002   Code   RO         1424    i.HAL_DAC_ErrorCallbackCh1  stm32f4xx_hal_dac.o
    0x0800123a   0x0000005c   Code   RO         1428    i.HAL_DAC_IRQHandler  stm32f4xx_hal_dac.o
    0x08001296   0x00000028   Code   RO         1429    i.HAL_DAC_Init      stm32f4xx_hal_dac.o
    0x080012be   0x00000002   PAD
    0x080012c0   0x000000f0   Code   RO          694    i.HAL_DAC_MspInit   dac.o
    0x080013b0   0x00000100   Code   RO         1434    i.HAL_DAC_Start_DMA  stm32f4xx_hal_dac.o
    0x080014b0   0x000001a0   Code   RO         4124    i.HAL_DMA_IRQHandler  stm32f4xx_hal_dma.o
    0x08001650   0x000000d4   Code   RO         4125    i.HAL_DMA_Init      stm32f4xx_hal_dma.o
    0x08001724   0x00000078   Code   RO         4129    i.HAL_DMA_Start_IT  stm32f4xx_hal_dma.o
    0x0800179c   0x00000024   Code   RO         4538    i.HAL_Delay         stm32f4xx_hal.o
    0x080017c0   0x00000074   Code   RO          513    i.HAL_GPIO_EXTI_Callback  main.o
    0x08001834   0x00000018   Code   RO         4011    i.HAL_GPIO_EXTI_IRQHandler  stm32f4xx_hal_gpio.o
    0x0800184c   0x000001b0   Code   RO         4012    i.HAL_GPIO_Init     stm32f4xx_hal_gpio.o
    0x080019fc   0x0000000a   Code   RO         4014    i.HAL_GPIO_ReadPin  stm32f4xx_hal_gpio.o
    0x08001a06   0x0000000e   Code   RO         4015    i.HAL_GPIO_TogglePin  stm32f4xx_hal_gpio.o
    0x08001a14   0x0000000a   Code   RO         4016    i.HAL_GPIO_WritePin  stm32f4xx_hal_gpio.o
    0x08001a1e   0x00000002   PAD
    0x08001a20   0x0000000c   Code   RO         4544    i.HAL_GetTick       stm32f4xx_hal.o
    0x08001a2c   0x00000174   Code   RO         1652    i.HAL_I2C_Init      stm32f4xx_hal_i2c.o
    0x08001ba0   0x00000130   Code   RO         1673    i.HAL_I2C_Mem_Write  stm32f4xx_hal_i2c.o
    0x08001cd0   0x00000068   Code   RO          760    i.HAL_I2C_MspInit   i2c.o
    0x08001d38   0x00000010   Code   RO         4550    i.HAL_IncTick       stm32f4xx_hal.o
    0x08001d48   0x00000034   Code   RO         4551    i.HAL_Init          stm32f4xx_hal.o
    0x08001d7c   0x00000040   Code   RO         4552    i.HAL_InitTick      stm32f4xx_hal.o
    0x08001dbc   0x00000030   Code   RO         1117    i.HAL_MspInit       stm32f4xx_hal_msp.o
    0x08001dec   0x0000001a   Code   RO         4401    i.HAL_NVIC_EnableIRQ  stm32f4xx_hal_cortex.o
    0x08001e06   0x00000002   PAD
    0x08001e08   0x00000040   Code   RO         4407    i.HAL_NVIC_SetPriority  stm32f4xx_hal_cortex.o
    0x08001e48   0x00000024   Code   RO         4408    i.HAL_NVIC_SetPriorityGrouping  stm32f4xx_hal_cortex.o
    0x08001e6c   0x00000130   Code   RO         3658    i.HAL_RCC_ClockConfig  stm32f4xx_hal_rcc.o
    0x08001f9c   0x00000020   Code   RO         3665    i.HAL_RCC_GetPCLK1Freq  stm32f4xx_hal_rcc.o
    0x08001fbc   0x00000020   Code   RO         3666    i.HAL_RCC_GetPCLK2Freq  stm32f4xx_hal_rcc.o
    0x08001fdc   0x00000060   Code   RO         3667    i.HAL_RCC_GetSysClockFreq  stm32f4xx_hal_rcc.o
    0x0800203c   0x0000031c   Code   RO         3670    i.HAL_RCC_OscConfig  stm32f4xx_hal_rcc.o
    0x08002358   0x00000080   Code   RO         2092    i.HAL_SPI_Init      stm32f4xx_hal_spi.o
    0x080023d8   0x00000068   Code   RO          802    i.HAL_SPI_MspInit   spi.o
    0x08002440   0x00000028   Code   RO         4412    i.HAL_SYSTICK_Config  stm32f4xx_hal_cortex.o
    0x08002468   0x00000002   Code   RO         3080    i.HAL_TIMEx_BreakCallback  stm32f4xx_hal_tim_ex.o
    0x0800246a   0x00000002   Code   RO         3081    i.HAL_TIMEx_CommutCallback  stm32f4xx_hal_tim_ex.o
    0x0800246c   0x00000054   Code   RO         3083    i.HAL_TIMEx_ConfigBreakDeadTime  stm32f4xx_hal_tim_ex.o
    0x080024c0   0x00000042   Code   RO         3098    i.HAL_TIMEx_MasterConfigSynchronization  stm32f4xx_hal_tim_ex.o
    0x08002502   0x00000036   Code   RO         2405    i.HAL_TIM_Base_Init  stm32f4xx_hal_tim.o
    0x08002538   0x00000090   Code   RO          844    i.HAL_TIM_Base_MspInit  tim.o
    0x080025c8   0x00000024   Code   RO         2408    i.HAL_TIM_Base_Start  stm32f4xx_hal_tim.o
    0x080025ec   0x00000022   Code   RO         2410    i.HAL_TIM_Base_Start_IT  stm32f4xx_hal_tim.o
    0x0800260e   0x000000d6   Code   RO         2414    i.HAL_TIM_ConfigClockSource  stm32f4xx_hal_tim.o
    0x080026e4   0x00000002   Code   RO         2434    i.HAL_TIM_IC_CaptureCallback  stm32f4xx_hal_tim.o
    0x080026e6   0x00000166   Code   RO         2448    i.HAL_TIM_IRQHandler  stm32f4xx_hal_tim.o
    0x0800284c   0x00000084   Code   RO          845    i.HAL_TIM_MspPostInit  tim.o
    0x080028d0   0x00000002   Code   RO         2451    i.HAL_TIM_OC_DelayElapsedCallback  stm32f4xx_hal_tim.o
    0x080028d2   0x000000d0   Code   RO         2472    i.HAL_TIM_PWM_ConfigChannel  stm32f4xx_hal_tim.o
    0x080029a2   0x00000036   Code   RO         2475    i.HAL_TIM_PWM_Init  stm32f4xx_hal_tim.o
    0x080029d8   0x00000054   Code   RO          847    i.HAL_TIM_PWM_MspInit  tim.o
    0x08002a2c   0x00000002   Code   RO         2478    i.HAL_TIM_PWM_PulseFinishedCallback  stm32f4xx_hal_tim.o
    0x08002a2e   0x00000002   PAD
    0x08002a30   0x00000044   Code   RO         2480    i.HAL_TIM_PWM_Start  stm32f4xx_hal_tim.o
    0x08002a74   0x00001358   Code   RO          514    i.HAL_TIM_PeriodElapsedCallback  main.o
    0x08003dcc   0x00000002   Code   RO         2491    i.HAL_TIM_TriggerCallback  stm32f4xx_hal_tim.o
    0x08003dce   0x00000062   Code   RO         3356    i.HAL_UART_Init     stm32f4xx_hal_uart.o
    0x08003e30   0x0000006c   Code   RO          928    i.HAL_UART_MspInit  usart.o
    0x08003e9c   0x00000002   Code   RO          980    i.HardFault_Handler  stm32f4xx_it.o
    0x08003e9e   0x0000002e   Code   RO         1694    i.I2C_IsAcknowledgeFailed  stm32f4xx_hal_i2c.o
    0x08003ecc   0x00000094   Code   RO         1704    i.I2C_RequestMemoryWrite  stm32f4xx_hal_i2c.o
    0x08003f60   0x0000004c   Code   RO         1707    i.I2C_WaitOnBTFFlagUntilTimeout  stm32f4xx_hal_i2c.o
    0x08003fac   0x00000068   Code   RO         1708    i.I2C_WaitOnFlagUntilTimeout  stm32f4xx_hal_i2c.o
    0x08004014   0x00000096   Code   RO         1709    i.I2C_WaitOnMasterAddressFlagUntilTimeout  stm32f4xx_hal_i2c.o
    0x080040aa   0x0000004c   Code   RO         1711    i.I2C_WaitOnTXEFlagUntilTimeout  stm32f4xx_hal_i2c.o
    0x080040f6   0x00000002   PAD
    0x080040f8   0x000000a0   Code   RO          647    i.MX_ADC1_Init      adc.o
    0x08004198   0x0000007c   Code   RO          648    i.MX_ADC2_Init      adc.o
    0x08004214   0x00000050   Code   RO          695    i.MX_DAC_Init       dac.o
    0x08004264   0x0000006c   Code   RO          735    i.MX_DMA_Init       dma.o
    0x080042d0   0x00000228   Code   RO          621    i.MX_GPIO_Init      gpio.o
    0x080044f8   0x00000040   Code   RO          761    i.MX_I2C1_Init      i2c.o
    0x08004538   0x00000044   Code   RO          803    i.MX_SPI1_Init      spi.o
    0x0800457c   0x00000050   Code   RO          848    i.MX_TIM12_Init     tim.o
    0x080045cc   0x000000a4   Code   RO          849    i.MX_TIM1_Init      tim.o
    0x08004670   0x0000006c   Code   RO          850    i.MX_TIM2_Init      tim.o
    0x080046dc   0x00000048   Code   RO          851    i.MX_TIM6_Init      tim.o
    0x08004724   0x00000050   Code   RO          852    i.MX_TIM9_Init      tim.o
    0x08004774   0x00000038   Code   RO          929    i.MX_USART1_UART_Init  usart.o
    0x080047ac   0x00000002   Code   RO          981    i.MemManage_Handler  stm32f4xx_it.o
    0x080047ae   0x00000002   Code   RO          982    i.NMI_Handler       stm32f4xx_it.o
    0x080047b0   0x0000003a   Code   RO           13    i.OLED_Clear        oled.o
    0x080047ea   0x000000de   Code   RO           16    i.OLED_Init         oled.o
    0x080048c8   0x0000002a   Code   RO           17    i.OLED_Set_Pos      oled.o
    0x080048f2   0x00000002   PAD
    0x080048f4   0x00000098   Code   RO           18    i.OLED_ShowChar     oled.o
    0x0800498c   0x00000144   Code   RO           19    i.OLED_ShowFloat    oled.o
    0x08004ad0   0x0000007e   Code   RO           20    i.OLED_ShowNum      oled.o
    0x08004b4e   0x0000003e   Code   RO           22    i.OLED_ShowString   oled.o
    0x08004b8c   0x00000068   Code   RO           23    i.OLED_ShowWave     oled.o
    0x08004bf4   0x0000000c   Code   RO           25    i.OLED_WR_Byte      oled.o
    0x08004c00   0x00000038   Code   RO          515    i.PWM_SetFreqkHz    main.o
    0x08004c38   0x00000002   Code   RO          983    i.PendSV_Handler    stm32f4xx_it.o
    0x08004c3a   0x00000002   Code   RO          984    i.SVC_Handler       stm32f4xx_it.o
    0x08004c3c   0x00000004   Code   RO          985    i.SysTick_Handler   stm32f4xx_it.o
    0x08004c40   0x00000084   Code   RO          516    i.SystemClock_Config  main.o
    0x08004cc4   0x00000054   Code   RO         4787    i.SystemInit        system_stm32f4xx.o
    0x08004d18   0x0000001c   Code   RO          986    i.TIM1_BRK_TIM9_IRQHandler  stm32f4xx_it.o
    0x08004d34   0x0000001c   Code   RO          987    i.TIM6_DAC_IRQHandler  stm32f4xx_it.o
    0x08004d50   0x0000000c   Code   RO          988    i.TIM8_BRK_TIM12_IRQHandler  stm32f4xx_it.o
    0x08004d5c   0x000000c8   Code   RO         2493    i.TIM_Base_SetConfig  stm32f4xx_hal_tim.o
    0x08004e24   0x0000001a   Code   RO         2494    i.TIM_CCxChannelCmd  stm32f4xx_hal_tim.o
    0x08004e3e   0x00000014   Code   RO         2504    i.TIM_ETR_SetConfig  stm32f4xx_hal_tim.o
    0x08004e52   0x00000010   Code   RO         2505    i.TIM_ITRx_SetConfig  stm32f4xx_hal_tim.o
    0x08004e62   0x00000002   PAD
    0x08004e64   0x00000060   Code   RO         2506    i.TIM_OC1_SetConfig  stm32f4xx_hal_tim.o
    0x08004ec4   0x0000006c   Code   RO         2507    i.TIM_OC2_SetConfig  stm32f4xx_hal_tim.o
    0x08004f30   0x00000068   Code   RO         2508    i.TIM_OC3_SetConfig  stm32f4xx_hal_tim.o
    0x08004f98   0x00000050   Code   RO         2509    i.TIM_OC4_SetConfig  stm32f4xx_hal_tim.o
    0x08004fe8   0x00000022   Code   RO         2511    i.TIM_TI1_ConfigInputStage  stm32f4xx_hal_tim.o
    0x0800500a   0x00000024   Code   RO         2513    i.TIM_TI2_ConfigInputStage  stm32f4xx_hal_tim.o
    0x0800502e   0x00000002   PAD
    0x08005030   0x000002ac   Code   RO         3382    i.UART_SetConfig    stm32f4xx_hal_uart.o
    0x080052dc   0x00000002   Code   RO          989    i.UsageFault_Handler  stm32f4xx_it.o
    0x080052de   0x00000002   PAD
    0x080052e0   0x00000024   Code   RO           26    i.Write_IIC_Command  oled.o
    0x08005304   0x00000024   Code   RO           27    i.Write_IIC_Data    oled.o
    0x08005328   0x00000020   Code   RO         4414    i.__NVIC_SetPriority  stm32f4xx_hal_cortex.o
    0x08005348   0x00000180   Code   RO         4977    i.__hardfp_log10f   m_wm.l(log10f.o)
    0x080054c8   0x00000014   Code   RO         5020    i.__mathlib_flt_divzero  m_wm.l(funder.o)
    0x080054dc   0x00000006   Code   RO         5021    i.__mathlib_flt_infnan  m_wm.l(funder.o)
    0x080054e2   0x00000002   PAD
    0x080054e4   0x00000010   Code   RO         5023    i.__mathlib_flt_invalid  m_wm.l(funder.o)
    0x080054f4   0x0000000e   Code   RO         5070    i.__scatterload_copy  mc_w.l(handlers.o)
    0x08005502   0x00000002   Code   RO         5071    i.__scatterload_null  mc_w.l(handlers.o)
    0x08005504   0x0000000e   Code   RO         5072    i.__scatterload_zeroinit  mc_w.l(handlers.o)
    0x08005512   0x00000002   PAD
    0x08005514   0x0000000c   Code   RO         5056    i.__set_errno       mc_w.l(errno.o)
    0x08005520   0x0000092c   Code   RO          518    i.main              main.o
    0x08005e4c   0x00000010   Code   RO           28    i.oled_pow          oled.o
    0x08005e5c   0x00000909   Data   RO           29    .constdata          oled.o
    0x08006765   0x00000001   PAD
    0x08006766   0x00000190   Data   RO          520    .constdata          main.o
    0x080068f6   0x00000008   Data   RO         4131    .constdata          stm32f4xx_hal_dma.o
    0x080068fe   0x00000010   Data   RO         4788    .constdata          system_stm32f4xx.o
    0x0800690e   0x00000008   Data   RO         4789    .constdata          system_stm32f4xx.o
    0x08006916   0x00000002   PAD
    0x08006918   0x00000040   Data   RO         4980    .constdata          m_wm.l(log10f.o)
    0x08006958   0x00000020   Data   RO         5068    Region$$Table       anon$$obj.o


    Execution Region RW_IRAM1 (Base: 0x20000000, Size: 0x000018c0, Max: 0x00020000, ABSOLUTE, COMPRESSED[0x0000003c])

    Base Addr    Size         Type   Attr      Idx    E Section Name        Object

    0x20000000   0x00000024   Data   RW          378    .data               control.o
    0x20000024   0x00000004   PAD
    0x20000028   0x00000158   Data   RW          521    .data               main.o
    0x20000180   0x0000000c   Data   RW         4558    .data               stm32f4xx_hal.o
    0x2000018c   0x00000004   Data   RW         4790    .data               system_stm32f4xx.o
    0x20000190   0x00000004   Data   RW         5057    .data               mc_w.l(errno.o)
    0x20000194   0x00000158   Zero   RW          375    .bss                control.o
    0x200002ec   0x00000040   Zero   RW          376    .bss                control.o
    0x2000032c   0x00000014   Zero   RW          377    .bss                control.o
    0x20000340   0x00000230   Zero   RW          519    .bss                main.o
    0x20000570   0x00000150   Zero   RW          649    .bss                adc.o
    0x200006c0   0x000000d4   Zero   RW          696    .bss                dac.o
    0x20000794   0x00000054   Zero   RW          762    .bss                i2c.o
    0x200007e8   0x00000058   Zero   RW          804    .bss                spi.o
    0x20000840   0x00000140   Zero   RW          853    .bss                tim.o
    0x20000980   0x00000040   Zero   RW          930    .bss                usart.o
    0x200009c0   0x00000f00   Zero   RW            1    STACK               startup_stm32f407xx.o


==============================================================================

Image component sizes


      Code (inc. data)   RO Data    RW Data    ZI Data      Debug   Object Name

       620         58          0          0        336       2802   adc.o
       176         18          0         36        428       4210   control.o
       320         30          0          0        212       1915   dac.o
       108          4          0          0          0        858   dma.o
       552         24          0          0          0       1243   gpio.o
       168         26          0          0         84       1725   i2c.o
      7878        890        400        344        560      11544   main.o
      1190         26       2313          0          0     731018   oled.o
       172         20          0          0         88       1729   spi.o
        36          8        392          0       3840        844   startup_stm32f407xx.o
       180         28          0         12          0       4649   stm32f4xx_hal.o
      1164         64          0          0          0       7513   stm32f4xx_hal_adc.o
       198         14          0          0          0      34003   stm32f4xx_hal_cortex.o
       512         26          0          0          0       7824   stm32f4xx_hal_dac.o
        58          0          0          0          0       4588   stm32f4xx_hal_dac_ex.o
       912         16          8          0          0       5883   stm32f4xx_hal_dma.o
       490         50          0          0          0       4399   stm32f4xx_hal_gpio.o
      1276         30          0          0          0       9307   stm32f4xx_hal_i2c.o
        48          6          0          0          0        878   stm32f4xx_hal_msp.o
      1260         76          0          0          0       5212   stm32f4xx_hal_rcc.o
       128          0          0          0          0       1187   stm32f4xx_hal_spi.o
      1754         90          0          0          0      16865   stm32f4xx_hal_tim.o
       154          0          0          0          0       3309   stm32f4xx_hal_tim_ex.o
       782          8          0          0          0       2064   stm32f4xx_hal_uart.o
       198         50          0          0          0      10256   stm32f4xx_it.o
        84         18         24          4          0       1215   system_stm32f4xx.o
       864         88          0          0        320       5732   tim.o
       164         22          0          0         64       1762   usart.o

    ----------------------------------------------------------------------
     21472       1690       3172        400       5932     884534   Object Totals
         0          0         32          0          0          0   (incl. Generated)
        26          0          3          4          0          0   (incl. Padding)

    ----------------------------------------------------------------------

      Code (inc. data)   RO Data    RW Data    ZI Data      Debug   Library Member Name

        42         12          0          0          0        348   funder.o
       384         52         64          0          0        140   log10f.o
        86          0          0          0          0          0   __dczerorl2.o
         0          0          0          0          0          0   entry.o
         0          0          0          0          0          0   entry10a.o
         0          0          0          0          0          0   entry11a.o
         8          4          0          0          0          0   entry2.o
         4          0          0          0          0          0   entry5.o
         0          0          0          0          0          0   entry7b.o
         0          0          0          0          0          0   entry8b.o
         8          4          0          0          0          0   entry9a.o
        12          6          0          4          0         68   errno.o
        30          0          0          0          0          0   handlers.o
        36          8          0          0          0         68   init.o
         0          0          0          0          0          0   iusefp.o
        30          0          0          0          0         68   llshl.o
        36          0          0          0          0         68   llsshr.o
        32          0          0          0          0         68   llushr.o
        36          0          0          0          0        108   memseta.o
        98          0          0          0          0         92   uldiv.o
        48          0          0          0          0         68   cdcmple.o
        48          0          0          0          0         68   cdrcmple.o
        56          0          0          0          0         88   d2f.o
       334          0          0          0          0        148   dadd.o
       222          0          0          0          0        100   ddiv.o
       186          0          0          0          0        176   depilogue.o
        62          0          0          0          0         80   dfixi.o
        50          0          0          0          0         76   dfixui.o
        34          0          0          0          0         76   dflti.o
        26          0          0          0          0         76   dfltui.o
       228          0          0          0          0         96   dmul.o
        38          0          0          0          0         68   f2d.o
       110          0          0          0          0        168   fepilogue.o

    ----------------------------------------------------------------------
      2292         86         64          4          0       2316   Library Totals
         8          0          0          0          0          0   (incl. Padding)

    ----------------------------------------------------------------------

      Code (inc. data)   RO Data    RW Data    ZI Data      Debug   Library Name

       426         64         64          0          0        488   m_wm.l
       416         22          0          4          0        540   mc_w.l
      1442          0          0          0          0       1288   mf_w.l

    ----------------------------------------------------------------------
      2292         86         64          4          0       2316   Library Totals

    ----------------------------------------------------------------------

==============================================================================


      Code (inc. data)   RO Data    RW Data    ZI Data      Debug   

     23764       1776       3236        404       5932     870850   Grand Totals
     23764       1776       3236         60       5932     870850   ELF Image Totals (compressed)
     23764       1776       3236         60          0          0   ROM Totals

==============================================================================

    Total RO  Size (Code + RO Data)                27000 (  26.37kB)
    Total RW  Size (RW Data + ZI Data)              6336 (   6.19kB)
    Total ROM Size (Code + RO Data + RW Data)      27060 (  26.43kB)

==============================================================================

